============================================================================================== 
 
Version 4.2
 
Linux mlogin108 2.6.32-754.14.2.el6.x86_64 #1 SMP Wed Apr 24 16:18:30 EDT 2019 x86_64 x86_64 x86_64 GNU/Linux
 
Intel(R) Fortran Intel(R) 64 Compiler XE for applications running on Intel(R) 64, Version 14.0.3.174 Build 20140422
Copyright (C) 1985-2014 Intel Corporation.  All rights reserved.

/sw/rhel6-x64/intel/intel-14.0.3/composer_xe_2013_sp1.3.174/compiler/lib/intel64/for_main.o: In function `main':
/export/users/nbtester/efi2linux_nightly/branch-14_0/20140423_000000/libdev/frtl/src/libfor/for_main.c:(.text+0x42): undefined reference to `MAIN__'
GNU ld version 2.20.51.0.2-5.48.el6_10.1 20100205
 
============================================================================================== 
 
 
**** Compiling WPS and all utilities ****
 
make[1]: Entering directory `/mnt/lustre01/pf/b/b380910/UNAL/WPS_4.1/geogrid/src'
/bin/rm -f cio.o
mpicc -cc=icc -D_UNDERSCORE -DBYTESWAP -DLINUX -DIO_NETCDF -DIO_BINARY -DIO_GRIB1 -DBIT32 -D_MPI -D_GEOGRID -w -c cio.c	
/bin/rm -f constants_module.o constants_module.mod
/lib/cpp -C -P -traditional -D_UNDERSCORE -DBYTESWAP -DLINUX -DIO_NETCDF -DIO_BINARY -DIO_GRIB1 -DBIT32 -D_MPI -D_GEOGRID -DUSE_JPEG2000 -DUSE_PNG -I/mnt/lustre01/pf/b/b380910/UNAL/WPS_4.1/../WRF_PIANO//external/io_netcdf -I/mnt/lustre01/pf/b/b380910/UNAL/WPS_4.1/../WRF_PIANO//external/io_grib_share -I/mnt/lustre01/pf/b/b380910/UNAL/WPS_4.1/../WRF_PIANO//external/io_grib1 -I/mnt/lustre01/pf/b/b380910/UNAL/WPS_4.1/../WRF_PIANO//external/io_int -I/mnt/lustre01/pf/b/b380910/UNAL/WPS_4.1/../WRF_PIANO//inc -I/pf/b/b380910/libs/netcdf_all-intel/include constants_module.F > constants_module.f90
mpif90 -f90=ifort -FR -convert big_endian -c constants_module.f90 -I/mnt/lustre01/pf/b/b380910/UNAL/WPS_4.1/../WRF_PIANO//external/io_netcdf -I/mnt/lustre01/pf/b/b380910/UNAL/WPS_4.1/../WRF_PIANO//external/io_grib_share -I/mnt/lustre01/pf/b/b380910/UNAL/WPS_4.1/../WRF_PIANO//external/io_grib1 -I/mnt/lustre01/pf/b/b380910/UNAL/WPS_4.1/../WRF_PIANO//external/io_int -I/mnt/lustre01/pf/b/b380910/UNAL/WPS_4.1/../WRF_PIANO//inc -I/pf/b/b380910/libs/netcdf_all-intel/include
/bin/rm -f misc_definitions_module.o misc_definitions_module.mod
/lib/cpp -C -P -traditional -D_UNDERSCORE -DBYTESWAP -DLINUX -DIO_NETCDF -DIO_BINARY -DIO_GRIB1 -DBIT32 -D_MPI -D_GEOGRID -DUSE_JPEG2000 -DUSE_PNG -I/mnt/lustre01/pf/b/b380910/UNAL/WPS_4.1/../WRF_PIANO//external/io_netcdf -I/mnt/lustre01/pf/b/b380910/UNAL/WPS_4.1/../WRF_PIANO//external/io_grib_share -I/mnt/lustre01/pf/b/b380910/UNAL/WPS_4.1/../WRF_PIANO//external/io_grib1 -I/mnt/lustre01/pf/b/b380910/UNAL/WPS_4.1/../WRF_PIANO//external/io_int -I/mnt/lustre01/pf/b/b380910/UNAL/WPS_4.1/../WRF_PIANO//inc -I/pf/b/b380910/libs/netcdf_all-intel/include misc_definitions_module.F > misc_definitions_module.f90
mpif90 -f90=ifort -FR -convert big_endian -c misc_definitions_module.f90 -I/mnt/lustre01/pf/b/b380910/UNAL/WPS_4.1/../WRF_PIANO//external/io_netcdf -I/mnt/lustre01/pf/b/b380910/UNAL/WPS_4.1/../WRF_PIANO//external/io_grib_share -I/mnt/lustre01/pf/b/b380910/UNAL/WPS_4.1/../WRF_PIANO//external/io_grib1 -I/mnt/lustre01/pf/b/b380910/UNAL/WPS_4.1/../WRF_PIANO//external/io_int -I/mnt/lustre01/pf/b/b380910/UNAL/WPS_4.1/../WRF_PIANO//inc -I/pf/b/b380910/libs/netcdf_all-intel/include
/bin/rm -f parallel_module.o parallel_module.mod
/lib/cpp -C -P -traditional -D_UNDERSCORE -DBYTESWAP -DLINUX -DIO_NETCDF -DIO_BINARY -DIO_GRIB1 -DBIT32 -D_MPI -D_GEOGRID -DUSE_JPEG2000 -DUSE_PNG -I/mnt/lustre01/pf/b/b380910/UNAL/WPS_4.1/../WRF_PIANO//external/io_netcdf -I/mnt/lustre01/pf/b/b380910/UNAL/WPS_4.1/../WRF_PIANO//external/io_grib_share -I/mnt/lustre01/pf/b/b380910/UNAL/WPS_4.1/../WRF_PIANO//external/io_grib1 -I/mnt/lustre01/pf/b/b380910/UNAL/WPS_4.1/../WRF_PIANO//external/io_int -I/mnt/lustre01/pf/b/b380910/UNAL/WPS_4.1/../WRF_PIANO//inc -I/pf/b/b380910/libs/netcdf_all-intel/include parallel_module.F > parallel_module.f90
mpif90 -f90=ifort -FR -convert big_endian -c parallel_module.f90 -I/mnt/lustre01/pf/b/b380910/UNAL/WPS_4.1/../WRF_PIANO//external/io_netcdf -I/mnt/lustre01/pf/b/b380910/UNAL/WPS_4.1/../WRF_PIANO//external/io_grib_share -I/mnt/lustre01/pf/b/b380910/UNAL/WPS_4.1/../WRF_PIANO//external/io_grib1 -I/mnt/lustre01/pf/b/b380910/UNAL/WPS_4.1/../WRF_PIANO//external/io_int -I/mnt/lustre01/pf/b/b380910/UNAL/WPS_4.1/../WRF_PIANO//inc -I/pf/b/b380910/libs/netcdf_all-intel/include
/bin/rm -f module_debug.o module_debug.mod
/lib/cpp -C -P -traditional -D_UNDERSCORE -DBYTESWAP -DLINUX -DIO_NETCDF -DIO_BINARY -DIO_GRIB1 -DBIT32 -D_MPI -D_GEOGRID -DUSE_JPEG2000 -DUSE_PNG -I/mnt/lustre01/pf/b/b380910/UNAL/WPS_4.1/../WRF_PIANO//external/io_netcdf -I/mnt/lustre01/pf/b/b380910/UNAL/WPS_4.1/../WRF_PIANO//external/io_grib_share -I/mnt/lustre01/pf/b/b380910/UNAL/WPS_4.1/../WRF_PIANO//external/io_grib1 -I/mnt/lustre01/pf/b/b380910/UNAL/WPS_4.1/../WRF_PIANO//external/io_int -I/mnt/lustre01/pf/b/b380910/UNAL/WPS_4.1/../WRF_PIANO//inc -I/pf/b/b380910/libs/netcdf_all-intel/include module_debug.F > module_debug.f90
mpif90 -f90=ifort -FR -convert big_endian -c module_debug.f90 -I/mnt/lustre01/pf/b/b380910/UNAL/WPS_4.1/../WRF_PIANO//external/io_netcdf -I/mnt/lustre01/pf/b/b380910/UNAL/WPS_4.1/../WRF_PIANO//external/io_grib_share -I/mnt/lustre01/pf/b/b380910/UNAL/WPS_4.1/../WRF_PIANO//external/io_grib1 -I/mnt/lustre01/pf/b/b380910/UNAL/WPS_4.1/../WRF_PIANO//external/io_int -I/mnt/lustre01/pf/b/b380910/UNAL/WPS_4.1/../WRF_PIANO//inc -I/pf/b/b380910/libs/netcdf_all-intel/include
/bin/rm -f gridinfo_module.o gridinfo_module.mod
/lib/cpp -C -P -traditional -D_UNDERSCORE -DBYTESWAP -DLINUX -DIO_NETCDF -DIO_BINARY -DIO_GRIB1 -DBIT32 -D_MPI -D_GEOGRID -DUSE_JPEG2000 -DUSE_PNG -I/mnt/lustre01/pf/b/b380910/UNAL/WPS_4.1/../WRF_PIANO//external/io_netcdf -I/mnt/lustre01/pf/b/b380910/UNAL/WPS_4.1/../WRF_PIANO//external/io_grib_share -I/mnt/lustre01/pf/b/b380910/UNAL/WPS_4.1/../WRF_PIANO//external/io_grib1 -I/mnt/lustre01/pf/b/b380910/UNAL/WPS_4.1/../WRF_PIANO//external/io_int -I/mnt/lustre01/pf/b/b380910/UNAL/WPS_4.1/../WRF_PIANO//inc -I/pf/b/b380910/libs/netcdf_all-intel/include gridinfo_module.F > gridinfo_module.f90
mpif90 -f90=ifort -FR -convert big_endian -c gridinfo_module.f90 -I/mnt/lustre01/pf/b/b380910/UNAL/WPS_4.1/../WRF_PIANO//external/io_netcdf -I/mnt/lustre01/pf/b/b380910/UNAL/WPS_4.1/../WRF_PIANO//external/io_grib_share -I/mnt/lustre01/pf/b/b380910/UNAL/WPS_4.1/../WRF_PIANO//external/io_grib1 -I/mnt/lustre01/pf/b/b380910/UNAL/WPS_4.1/../WRF_PIANO//external/io_int -I/mnt/lustre01/pf/b/b380910/UNAL/WPS_4.1/../WRF_PIANO//inc -I/pf/b/b380910/libs/netcdf_all-intel/include
/bin/rm -f wrf_debug.o wrf_debug.mod
/lib/cpp -C -P -traditional -D_UNDERSCORE -DBYTESWAP -DLINUX -DIO_NETCDF -DIO_BINARY -DIO_GRIB1 -DBIT32 -D_MPI -D_GEOGRID -DUSE_JPEG2000 -DUSE_PNG -I/mnt/lustre01/pf/b/b380910/UNAL/WPS_4.1/../WRF_PIANO//external/io_netcdf -I/mnt/lustre01/pf/b/b380910/UNAL/WPS_4.1/../WRF_PIANO//external/io_grib_share -I/mnt/lustre01/pf/b/b380910/UNAL/WPS_4.1/../WRF_PIANO//external/io_grib1 -I/mnt/lustre01/pf/b/b380910/UNAL/WPS_4.1/../WRF_PIANO//external/io_int -I/mnt/lustre01/pf/b/b380910/UNAL/WPS_4.1/../WRF_PIANO//inc -I/pf/b/b380910/libs/netcdf_all-intel/include wrf_debug.F > wrf_debug.f90
mpif90 -f90=ifort -FR -convert big_endian -c wrf_debug.f90 -I/mnt/lustre01/pf/b/b380910/UNAL/WPS_4.1/../WRF_PIANO//external/io_netcdf -I/mnt/lustre01/pf/b/b380910/UNAL/WPS_4.1/../WRF_PIANO//external/io_grib_share -I/mnt/lustre01/pf/b/b380910/UNAL/WPS_4.1/../WRF_PIANO//external/io_grib1 -I/mnt/lustre01/pf/b/b380910/UNAL/WPS_4.1/../WRF_PIANO//external/io_int -I/mnt/lustre01/pf/b/b380910/UNAL/WPS_4.1/../WRF_PIANO//inc -I/pf/b/b380910/libs/netcdf_all-intel/include
/bin/rm -f bitarray_module.o bitarray_module.mod
/lib/cpp -C -P -traditional -D_UNDERSCORE -DBYTESWAP -DLINUX -DIO_NETCDF -DIO_BINARY -DIO_GRIB1 -DBIT32 -D_MPI -D_GEOGRID -DUSE_JPEG2000 -DUSE_PNG -I/mnt/lustre01/pf/b/b380910/UNAL/WPS_4.1/../WRF_PIANO//external/io_netcdf -I/mnt/lustre01/pf/b/b380910/UNAL/WPS_4.1/../WRF_PIANO//external/io_grib_share -I/mnt/lustre01/pf/b/b380910/UNAL/WPS_4.1/../WRF_PIANO//external/io_grib1 -I/mnt/lustre01/pf/b/b380910/UNAL/WPS_4.1/../WRF_PIANO//external/io_int -I/mnt/lustre01/pf/b/b380910/UNAL/WPS_4.1/../WRF_PIANO//inc -I/pf/b/b380910/libs/netcdf_all-intel/include bitarray_module.F > bitarray_module.f90
mpif90 -f90=ifort -FR -convert big_endian -c bitarray_module.f90 -I/mnt/lustre01/pf/b/b380910/UNAL/WPS_4.1/../WRF_PIANO//external/io_netcdf -I/mnt/lustre01/pf/b/b380910/UNAL/WPS_4.1/../WRF_PIANO//external/io_grib_share -I/mnt/lustre01/pf/b/b380910/UNAL/WPS_4.1/../WRF_PIANO//external/io_grib1 -I/mnt/lustre01/pf/b/b380910/UNAL/WPS_4.1/../WRF_PIANO//external/io_int -I/mnt/lustre01/pf/b/b380910/UNAL/WPS_4.1/../WRF_PIANO//inc -I/pf/b/b380910/libs/netcdf_all-intel/include
/bin/rm -f module_stringutil.o module_stringutil.mod
/lib/cpp -C -P -traditional -D_UNDERSCORE -DBYTESWAP -DLINUX -DIO_NETCDF -DIO_BINARY -DIO_GRIB1 -DBIT32 -D_MPI -D_GEOGRID -DUSE_JPEG2000 -DUSE_PNG -I/mnt/lustre01/pf/b/b380910/UNAL/WPS_4.1/../WRF_PIANO//external/io_netcdf -I/mnt/lustre01/pf/b/b380910/UNAL/WPS_4.1/../WRF_PIANO//external/io_grib_share -I/mnt/lustre01/pf/b/b380910/UNAL/WPS_4.1/../WRF_PIANO//external/io_grib1 -I/mnt/lustre01/pf/b/b380910/UNAL/WPS_4.1/../WRF_PIANO//external/io_int -I/mnt/lustre01/pf/b/b380910/UNAL/WPS_4.1/../WRF_PIANO//inc -I/pf/b/b380910/libs/netcdf_all-intel/include module_stringutil.F > module_stringutil.f90
mpif90 -f90=ifort -FR -convert big_endian -c module_stringutil.f90 -I/mnt/lustre01/pf/b/b380910/UNAL/WPS_4.1/../WRF_PIANO//external/io_netcdf -I/mnt/lustre01/pf/b/b380910/UNAL/WPS_4.1/../WRF_PIANO//external/io_grib_share -I/mnt/lustre01/pf/b/b380910/UNAL/WPS_4.1/../WRF_PIANO//external/io_grib1 -I/mnt/lustre01/pf/b/b380910/UNAL/WPS_4.1/../WRF_PIANO//external/io_int -I/mnt/lustre01/pf/b/b380910/UNAL/WPS_4.1/../WRF_PIANO//inc -I/pf/b/b380910/libs/netcdf_all-intel/include
/bin/rm -f hash_module.o hash_module.mod
/lib/cpp -C -P -traditional -D_UNDERSCORE -DBYTESWAP -DLINUX -DIO_NETCDF -DIO_BINARY -DIO_GRIB1 -DBIT32 -D_MPI -D_GEOGRID -DUSE_JPEG2000 -DUSE_PNG -I/mnt/lustre01/pf/b/b380910/UNAL/WPS_4.1/../WRF_PIANO//external/io_netcdf -I/mnt/lustre01/pf/b/b380910/UNAL/WPS_4.1/../WRF_PIANO//external/io_grib_share -I/mnt/lustre01/pf/b/b380910/UNAL/WPS_4.1/../WRF_PIANO//external/io_grib1 -I/mnt/lustre01/pf/b/b380910/UNAL/WPS_4.1/../WRF_PIANO//external/io_int -I/mnt/lustre01/pf/b/b380910/UNAL/WPS_4.1/../WRF_PIANO//inc -I/pf/b/b380910/libs/netcdf_all-intel/include hash_module.F > hash_module.f90
mpif90 -f90=ifort -FR -convert big_endian -c hash_module.f90 -I/mnt/lustre01/pf/b/b380910/UNAL/WPS_4.1/../WRF_PIANO//external/io_netcdf -I/mnt/lustre01/pf/b/b380910/UNAL/WPS_4.1/../WRF_PIANO//external/io_grib_share -I/mnt/lustre01/pf/b/b380910/UNAL/WPS_4.1/../WRF_PIANO//external/io_grib1 -I/mnt/lustre01/pf/b/b380910/UNAL/WPS_4.1/../WRF_PIANO//external/io_int -I/mnt/lustre01/pf/b/b380910/UNAL/WPS_4.1/../WRF_PIANO//inc -I/pf/b/b380910/libs/netcdf_all-intel/include
/bin/rm -f module_map_utils.o module_map_utils.mod
/lib/cpp -C -P -traditional -D_UNDERSCORE -DBYTESWAP -DLINUX -DIO_NETCDF -DIO_BINARY -DIO_GRIB1 -DBIT32 -D_MPI -D_GEOGRID -DUSE_JPEG2000 -DUSE_PNG -I/mnt/lustre01/pf/b/b380910/UNAL/WPS_4.1/../WRF_PIANO//external/io_netcdf -I/mnt/lustre01/pf/b/b380910/UNAL/WPS_4.1/../WRF_PIANO//external/io_grib_share -I/mnt/lustre01/pf/b/b380910/UNAL/WPS_4.1/../WRF_PIANO//external/io_grib1 -I/mnt/lustre01/pf/b/b380910/UNAL/WPS_4.1/../WRF_PIANO//external/io_int -I/mnt/lustre01/pf/b/b380910/UNAL/WPS_4.1/../WRF_PIANO//inc -I/pf/b/b380910/libs/netcdf_all-intel/include module_map_utils.F > module_map_utils.f90
mpif90 -f90=ifort -FR -convert big_endian -c module_map_utils.f90 -I/mnt/lustre01/pf/b/b380910/UNAL/WPS_4.1/../WRF_PIANO//external/io_netcdf -I/mnt/lustre01/pf/b/b380910/UNAL/WPS_4.1/../WRF_PIANO//external/io_grib_share -I/mnt/lustre01/pf/b/b380910/UNAL/WPS_4.1/../WRF_PIANO//external/io_grib1 -I/mnt/lustre01/pf/b/b380910/UNAL/WPS_4.1/../WRF_PIANO//external/io_int -I/mnt/lustre01/pf/b/b380910/UNAL/WPS_4.1/../WRF_PIANO//inc -I/pf/b/b380910/libs/netcdf_all-intel/include
/bin/rm -f list_module.o list_module.mod
/lib/cpp -C -P -traditional -D_UNDERSCORE -DBYTESWAP -DLINUX -DIO_NETCDF -DIO_BINARY -DIO_GRIB1 -DBIT32 -D_MPI -D_GEOGRID -DUSE_JPEG2000 -DUSE_PNG -I/mnt/lustre01/pf/b/b380910/UNAL/WPS_4.1/../WRF_PIANO//external/io_netcdf -I/mnt/lustre01/pf/b/b380910/UNAL/WPS_4.1/../WRF_PIANO//external/io_grib_share -I/mnt/lustre01/pf/b/b380910/UNAL/WPS_4.1/../WRF_PIANO//external/io_grib1 -I/mnt/lustre01/pf/b/b380910/UNAL/WPS_4.1/../WRF_PIANO//external/io_int -I/mnt/lustre01/pf/b/b380910/UNAL/WPS_4.1/../WRF_PIANO//inc -I/pf/b/b380910/libs/netcdf_all-intel/include list_module.F > list_module.f90
mpif90 -f90=ifort -FR -convert big_endian -c list_module.f90 -I/mnt/lustre01/pf/b/b380910/UNAL/WPS_4.1/../WRF_PIANO//external/io_netcdf -I/mnt/lustre01/pf/b/b380910/UNAL/WPS_4.1/../WRF_PIANO//external/io_grib_share -I/mnt/lustre01/pf/b/b380910/UNAL/WPS_4.1/../WRF_PIANO//external/io_grib1 -I/mnt/lustre01/pf/b/b380910/UNAL/WPS_4.1/../WRF_PIANO//external/io_int -I/mnt/lustre01/pf/b/b380910/UNAL/WPS_4.1/../WRF_PIANO//inc -I/pf/b/b380910/libs/netcdf_all-intel/include
/bin/rm -f llxy_module.o llxy_module.mod
/lib/cpp -C -P -traditional -D_UNDERSCORE -DBYTESWAP -DLINUX -DIO_NETCDF -DIO_BINARY -DIO_GRIB1 -DBIT32 -D_MPI -D_GEOGRID -DUSE_JPEG2000 -DUSE_PNG -I/mnt/lustre01/pf/b/b380910/UNAL/WPS_4.1/../WRF_PIANO//external/io_netcdf -I/mnt/lustre01/pf/b/b380910/UNAL/WPS_4.1/../WRF_PIANO//external/io_grib_share -I/mnt/lustre01/pf/b/b380910/UNAL/WPS_4.1/../WRF_PIANO//external/io_grib1 -I/mnt/lustre01/pf/b/b380910/UNAL/WPS_4.1/../WRF_PIANO//external/io_int -I/mnt/lustre01/pf/b/b380910/UNAL/WPS_4.1/../WRF_PIANO//inc -I/pf/b/b380910/libs/netcdf_all-intel/include llxy_module.F > llxy_module.f90
mpif90 -f90=ifort -FR -convert big_endian -c llxy_module.f90 -I/mnt/lustre01/pf/b/b380910/UNAL/WPS_4.1/../WRF_PIANO//external/io_netcdf -I/mnt/lustre01/pf/b/b380910/UNAL/WPS_4.1/../WRF_PIANO//external/io_grib_share -I/mnt/lustre01/pf/b/b380910/UNAL/WPS_4.1/../WRF_PIANO//external/io_grib1 -I/mnt/lustre01/pf/b/b380910/UNAL/WPS_4.1/../WRF_PIANO//external/io_int -I/mnt/lustre01/pf/b/b380910/UNAL/WPS_4.1/../WRF_PIANO//inc -I/pf/b/b380910/libs/netcdf_all-intel/include
/bin/rm -f source_data_module.o source_data_module.mod
/lib/cpp -C -P -traditional -D_UNDERSCORE -DBYTESWAP -DLINUX -DIO_NETCDF -DIO_BINARY -DIO_GRIB1 -DBIT32 -D_MPI -D_GEOGRID -DUSE_JPEG2000 -DUSE_PNG -I/mnt/lustre01/pf/b/b380910/UNAL/WPS_4.1/../WRF_PIANO//external/io_netcdf -I/mnt/lustre01/pf/b/b380910/UNAL/WPS_4.1/../WRF_PIANO//external/io_grib_share -I/mnt/lustre01/pf/b/b380910/UNAL/WPS_4.1/../WRF_PIANO//external/io_grib1 -I/mnt/lustre01/pf/b/b380910/UNAL/WPS_4.1/../WRF_PIANO//external/io_int -I/mnt/lustre01/pf/b/b380910/UNAL/WPS_4.1/../WRF_PIANO//inc -I/pf/b/b380910/libs/netcdf_all-intel/include source_data_module.F > source_data_module.f90
mpif90 -f90=ifort -FR -convert big_endian -c source_data_module.f90 -I/mnt/lustre01/pf/b/b380910/UNAL/WPS_4.1/../WRF_PIANO//external/io_netcdf -I/mnt/lustre01/pf/b/b380910/UNAL/WPS_4.1/../WRF_PIANO//external/io_grib_share -I/mnt/lustre01/pf/b/b380910/UNAL/WPS_4.1/../WRF_PIANO//external/io_grib1 -I/mnt/lustre01/pf/b/b380910/UNAL/WPS_4.1/../WRF_PIANO//external/io_int -I/mnt/lustre01/pf/b/b380910/UNAL/WPS_4.1/../WRF_PIANO//inc -I/pf/b/b380910/libs/netcdf_all-intel/include
/bin/rm -f output_module.o output_module.mod
/lib/cpp -C -P -traditional -D_UNDERSCORE -DBYTESWAP -DLINUX -DIO_NETCDF -DIO_BINARY -DIO_GRIB1 -DBIT32 -D_MPI -D_GEOGRID -DUSE_JPEG2000 -DUSE_PNG -I/mnt/lustre01/pf/b/b380910/UNAL/WPS_4.1/../WRF_PIANO//external/io_netcdf -I/mnt/lustre01/pf/b/b380910/UNAL/WPS_4.1/../WRF_PIANO//external/io_grib_share -I/mnt/lustre01/pf/b/b380910/UNAL/WPS_4.1/../WRF_PIANO//external/io_grib1 -I/mnt/lustre01/pf/b/b380910/UNAL/WPS_4.1/../WRF_PIANO//external/io_int -I/mnt/lustre01/pf/b/b380910/UNAL/WPS_4.1/../WRF_PIANO//inc -I/pf/b/b380910/libs/netcdf_all-intel/include output_module.F > output_module.f90
mpif90 -f90=ifort -FR -convert big_endian -c output_module.f90 -I/mnt/lustre01/pf/b/b380910/UNAL/WPS_4.1/../WRF_PIANO//external/io_netcdf -I/mnt/lustre01/pf/b/b380910/UNAL/WPS_4.1/../WRF_PIANO//external/io_grib_share -I/mnt/lustre01/pf/b/b380910/UNAL/WPS_4.1/../WRF_PIANO//external/io_grib1 -I/mnt/lustre01/pf/b/b380910/UNAL/WPS_4.1/../WRF_PIANO//external/io_int -I/mnt/lustre01/pf/b/b380910/UNAL/WPS_4.1/../WRF_PIANO//inc -I/pf/b/b380910/libs/netcdf_all-intel/include
/bin/rm -f queue_module.o queue_module.mod
/lib/cpp -C -P -traditional -D_UNDERSCORE -DBYTESWAP -DLINUX -DIO_NETCDF -DIO_BINARY -DIO_GRIB1 -DBIT32 -D_MPI -D_GEOGRID -DUSE_JPEG2000 -DUSE_PNG -I/mnt/lustre01/pf/b/b380910/UNAL/WPS_4.1/../WRF_PIANO//external/io_netcdf -I/mnt/lustre01/pf/b/b380910/UNAL/WPS_4.1/../WRF_PIANO//external/io_grib_share -I/mnt/lustre01/pf/b/b380910/UNAL/WPS_4.1/../WRF_PIANO//external/io_grib1 -I/mnt/lustre01/pf/b/b380910/UNAL/WPS_4.1/../WRF_PIANO//external/io_int -I/mnt/lustre01/pf/b/b380910/UNAL/WPS_4.1/../WRF_PIANO//inc -I/pf/b/b380910/libs/netcdf_all-intel/include queue_module.F > queue_module.f90
mpif90 -f90=ifort -FR -convert big_endian -c queue_module.f90 -I/mnt/lustre01/pf/b/b380910/UNAL/WPS_4.1/../WRF_PIANO//external/io_netcdf -I/mnt/lustre01/pf/b/b380910/UNAL/WPS_4.1/../WRF_PIANO//external/io_grib_share -I/mnt/lustre01/pf/b/b380910/UNAL/WPS_4.1/../WRF_PIANO//external/io_grib1 -I/mnt/lustre01/pf/b/b380910/UNAL/WPS_4.1/../WRF_PIANO//external/io_int -I/mnt/lustre01/pf/b/b380910/UNAL/WPS_4.1/../WRF_PIANO//inc -I/pf/b/b380910/libs/netcdf_all-intel/include
/bin/rm -f interp_module.o interp_module.mod
/lib/cpp -C -P -traditional -D_UNDERSCORE -DBYTESWAP -DLINUX -DIO_NETCDF -DIO_BINARY -DIO_GRIB1 -DBIT32 -D_MPI -D_GEOGRID -DUSE_JPEG2000 -DUSE_PNG -I/mnt/lustre01/pf/b/b380910/UNAL/WPS_4.1/../WRF_PIANO//external/io_netcdf -I/mnt/lustre01/pf/b/b380910/UNAL/WPS_4.1/../WRF_PIANO//external/io_grib_share -I/mnt/lustre01/pf/b/b380910/UNAL/WPS_4.1/../WRF_PIANO//external/io_grib1 -I/mnt/lustre01/pf/b/b380910/UNAL/WPS_4.1/../WRF_PIANO//external/io_int -I/mnt/lustre01/pf/b/b380910/UNAL/WPS_4.1/../WRF_PIANO//inc -I/pf/b/b380910/libs/netcdf_all-intel/include interp_module.F > interp_module.f90
mpif90 -f90=ifort -FR -convert big_endian -c interp_module.f90 -I/mnt/lustre01/pf/b/b380910/UNAL/WPS_4.1/../WRF_PIANO//external/io_netcdf -I/mnt/lustre01/pf/b/b380910/UNAL/WPS_4.1/../WRF_PIANO//external/io_grib_share -I/mnt/lustre01/pf/b/b380910/UNAL/WPS_4.1/../WRF_PIANO//external/io_grib1 -I/mnt/lustre01/pf/b/b380910/UNAL/WPS_4.1/../WRF_PIANO//external/io_int -I/mnt/lustre01/pf/b/b380910/UNAL/WPS_4.1/../WRF_PIANO//inc -I/pf/b/b380910/libs/netcdf_all-intel/include
/bin/rm -f proc_point_module.o proc_point_module.mod
/lib/cpp -C -P -traditional -D_UNDERSCORE -DBYTESWAP -DLINUX -DIO_NETCDF -DIO_BINARY -DIO_GRIB1 -DBIT32 -D_MPI -D_GEOGRID -DUSE_JPEG2000 -DUSE_PNG -I/mnt/lustre01/pf/b/b380910/UNAL/WPS_4.1/../WRF_PIANO//external/io_netcdf -I/mnt/lustre01/pf/b/b380910/UNAL/WPS_4.1/../WRF_PIANO//external/io_grib_share -I/mnt/lustre01/pf/b/b380910/UNAL/WPS_4.1/../WRF_PIANO//external/io_grib1 -I/mnt/lustre01/pf/b/b380910/UNAL/WPS_4.1/../WRF_PIANO//external/io_int -I/mnt/lustre01/pf/b/b380910/UNAL/WPS_4.1/../WRF_PIANO//inc -I/pf/b/b380910/libs/netcdf_all-intel/include proc_point_module.F > proc_point_module.f90
mpif90 -f90=ifort -FR -convert big_endian -c proc_point_module.f90 -I/mnt/lustre01/pf/b/b380910/UNAL/WPS_4.1/../WRF_PIANO//external/io_netcdf -I/mnt/lustre01/pf/b/b380910/UNAL/WPS_4.1/../WRF_PIANO//external/io_grib_share -I/mnt/lustre01/pf/b/b380910/UNAL/WPS_4.1/../WRF_PIANO//external/io_grib1 -I/mnt/lustre01/pf/b/b380910/UNAL/WPS_4.1/../WRF_PIANO//external/io_int -I/mnt/lustre01/pf/b/b380910/UNAL/WPS_4.1/../WRF_PIANO//inc -I/pf/b/b380910/libs/netcdf_all-intel/include
/bin/rm -f smooth_module.o smooth_module.mod
/lib/cpp -C -P -traditional -D_UNDERSCORE -DBYTESWAP -DLINUX -DIO_NETCDF -DIO_BINARY -DIO_GRIB1 -DBIT32 -D_MPI -D_GEOGRID -DUSE_JPEG2000 -DUSE_PNG -I/mnt/lustre01/pf/b/b380910/UNAL/WPS_4.1/../WRF_PIANO//external/io_netcdf -I/mnt/lustre01/pf/b/b380910/UNAL/WPS_4.1/../WRF_PIANO//external/io_grib_share -I/mnt/lustre01/pf/b/b380910/UNAL/WPS_4.1/../WRF_PIANO//external/io_grib1 -I/mnt/lustre01/pf/b/b380910/UNAL/WPS_4.1/../WRF_PIANO//external/io_int -I/mnt/lustre01/pf/b/b380910/UNAL/WPS_4.1/../WRF_PIANO//inc -I/pf/b/b380910/libs/netcdf_all-intel/include smooth_module.F > smooth_module.f90
mpif90 -f90=ifort -FR -convert big_endian -c smooth_module.f90 -I/mnt/lustre01/pf/b/b380910/UNAL/WPS_4.1/../WRF_PIANO//external/io_netcdf -I/mnt/lustre01/pf/b/b380910/UNAL/WPS_4.1/../WRF_PIANO//external/io_grib_share -I/mnt/lustre01/pf/b/b380910/UNAL/WPS_4.1/../WRF_PIANO//external/io_grib1 -I/mnt/lustre01/pf/b/b380910/UNAL/WPS_4.1/../WRF_PIANO//external/io_int -I/mnt/lustre01/pf/b/b380910/UNAL/WPS_4.1/../WRF_PIANO//inc -I/pf/b/b380910/libs/netcdf_all-intel/include
/bin/rm -f process_tile_module.o process_tile_module.mod
/lib/cpp -C -P -traditional -D_UNDERSCORE -DBYTESWAP -DLINUX -DIO_NETCDF -DIO_BINARY -DIO_GRIB1 -DBIT32 -D_MPI -D_GEOGRID -DUSE_JPEG2000 -DUSE_PNG -I/mnt/lustre01/pf/b/b380910/UNAL/WPS_4.1/../WRF_PIANO//external/io_netcdf -I/mnt/lustre01/pf/b/b380910/UNAL/WPS_4.1/../WRF_PIANO//external/io_grib_share -I/mnt/lustre01/pf/b/b380910/UNAL/WPS_4.1/../WRF_PIANO//external/io_grib1 -I/mnt/lustre01/pf/b/b380910/UNAL/WPS_4.1/../WRF_PIANO//external/io_int -I/mnt/lustre01/pf/b/b380910/UNAL/WPS_4.1/../WRF_PIANO//inc -I/pf/b/b380910/libs/netcdf_all-intel/include process_tile_module.F > process_tile_module.f90
mpif90 -f90=ifort -FR -convert big_endian -c process_tile_module.f90 -I/mnt/lustre01/pf/b/b380910/UNAL/WPS_4.1/../WRF_PIANO//external/io_netcdf -I/mnt/lustre01/pf/b/b380910/UNAL/WPS_4.1/../WRF_PIANO//external/io_grib_share -I/mnt/lustre01/pf/b/b380910/UNAL/WPS_4.1/../WRF_PIANO//external/io_grib1 -I/mnt/lustre01/pf/b/b380910/UNAL/WPS_4.1/../WRF_PIANO//external/io_int -I/mnt/lustre01/pf/b/b380910/UNAL/WPS_4.1/../WRF_PIANO//inc -I/pf/b/b380910/libs/netcdf_all-intel/include
/bin/rm -f geogrid.o geogrid.mod
/lib/cpp -C -P -traditional -D_UNDERSCORE -DBYTESWAP -DLINUX -DIO_NETCDF -DIO_BINARY -DIO_GRIB1 -DBIT32 -D_MPI -D_GEOGRID -DUSE_JPEG2000 -DUSE_PNG -I/mnt/lustre01/pf/b/b380910/UNAL/WPS_4.1/../WRF_PIANO//external/io_netcdf -I/mnt/lustre01/pf/b/b380910/UNAL/WPS_4.1/../WRF_PIANO//external/io_grib_share -I/mnt/lustre01/pf/b/b380910/UNAL/WPS_4.1/../WRF_PIANO//external/io_grib1 -I/mnt/lustre01/pf/b/b380910/UNAL/WPS_4.1/../WRF_PIANO//external/io_int -I/mnt/lustre01/pf/b/b380910/UNAL/WPS_4.1/../WRF_PIANO//inc -I/pf/b/b380910/libs/netcdf_all-intel/include geogrid.F > geogrid.f90
mpif90 -f90=ifort -FR -convert big_endian -c geogrid.f90 -I/mnt/lustre01/pf/b/b380910/UNAL/WPS_4.1/../WRF_PIANO//external/io_netcdf -I/mnt/lustre01/pf/b/b380910/UNAL/WPS_4.1/../WRF_PIANO//external/io_grib_share -I/mnt/lustre01/pf/b/b380910/UNAL/WPS_4.1/../WRF_PIANO//external/io_grib1 -I/mnt/lustre01/pf/b/b380910/UNAL/WPS_4.1/../WRF_PIANO//external/io_int -I/mnt/lustre01/pf/b/b380910/UNAL/WPS_4.1/../WRF_PIANO//inc -I/pf/b/b380910/libs/netcdf_all-intel/include
/bin/rm -f read_geogrid.o
mpicc -cc=icc -D_UNDERSCORE -DBYTESWAP -DLINUX -DIO_NETCDF -DIO_BINARY -DIO_GRIB1 -DBIT32 -D_MPI -D_GEOGRID -w -c read_geogrid.c	
mpif90 -f90=ifort  -o geogrid.exe cio.o wrf_debug.o bitarray_module.o constants_module.o module_stringutil.o geogrid.o gridinfo_module.o hash_module.o interp_module.o list_module.o llxy_module.o misc_definitions_module.o module_debug.o module_map_utils.o output_module.o parallel_module.o process_tile_module.o proc_point_module.o queue_module.o read_geogrid.o smooth_module.o source_data_module.o \
		/mnt/lustre01/pf/b/b380910/UNAL/WPS_4.1/../WRF_PIANO//frame/module_driver_constants.o \
		/mnt/lustre01/pf/b/b380910/UNAL/WPS_4.1/../WRF_PIANO//frame/pack_utils.o /mnt/lustre01/pf/b/b380910/UNAL/WPS_4.1/../WRF_PIANO//frame/module_machine.o \
		/mnt/lustre01/pf/b/b380910/UNAL/WPS_4.1/../WRF_PIANO//frame/module_internal_header_util.o \
		-I/mnt/lustre01/pf/b/b380910/UNAL/WPS_4.1/../WRF_PIANO//external/io_netcdf -I/mnt/lustre01/pf/b/b380910/UNAL/WPS_4.1/../WRF_PIANO//external/io_grib_share -I/mnt/lustre01/pf/b/b380910/UNAL/WPS_4.1/../WRF_PIANO//external/io_grib1 -I/mnt/lustre01/pf/b/b380910/UNAL/WPS_4.1/../WRF_PIANO//external/io_int -I/mnt/lustre01/pf/b/b380910/UNAL/WPS_4.1/../WRF_PIANO//inc -I/pf/b/b380910/libs/netcdf_all-intel/include \
		-L/mnt/lustre01/pf/b/b380910/UNAL/WPS_4.1/../WRF_PIANO//external/io_grib1 -lio_grib1 -L/mnt/lustre01/pf/b/b380910/UNAL/WPS_4.1/../WRF_PIANO//external/io_grib_share -lio_grib_share -L/mnt/lustre01/pf/b/b380910/UNAL/WPS_4.1/../WRF_PIANO//external/io_int -lwrfio_int -L/mnt/lustre01/pf/b/b380910/UNAL/WPS_4.1/../WRF_PIANO//external/io_netcdf -lwrfio_nf -L/pf/b/b380910/libs/netcdf_all-intel/lib -lnetcdff -lnetcdf \
		
make[1]: Leaving directory `/mnt/lustre01/pf/b/b380910/UNAL/WPS_4.1/geogrid/src'
( cd src/ngl ; make -i -r DEV_TOP="/mnt/lustre01/pf/b/b380910/UNAL/WPS_4.1" CC="icc" FC="ifort" RANLIB="echo" all )
make[1]: Entering directory `/mnt/lustre01/pf/b/b380910/UNAL/WPS_4.1/ungrib/src/ngl'
( cd w3 ; make -i -r DEV_TOP="/mnt/lustre01/pf/b/b380910/UNAL/WPS_4.1" all ; echo libw3.a )
make[2]: Entering directory `/mnt/lustre01/pf/b/b380910/UNAL/WPS_4.1/ungrib/src/ngl/w3'
Makefile:44: warning: overriding commands for target `.f.o'
/mnt/lustre01/pf/b/b380910/UNAL/WPS_4.1/configure.wps:103: warning: ignoring old commands for target `.f.o'
Makefile:48: warning: overriding commands for target `.c.o'
/mnt/lustre01/pf/b/b380910/UNAL/WPS_4.1/configure.wps:99: warning: ignoring old commands for target `.c.o'
/bin/rm -f bacio_module.o
ifort -FI -convert big_endian -c bacio_module.f 
/bin/rm -f getgb.o
ifort -FI -convert big_endian -c getgb.f 
/bin/rm -f getgbmh.o
ifort -FI -convert big_endian -c getgbmh.f 
/bin/rm -f putgbex.o
ifort -FI -convert big_endian -c putgbex.f 
/bin/rm -f w3fi73.o
ifort -FI -convert big_endian -c w3fi73.f 
/bin/rm -f getgb1r.o
ifort -FI -convert big_endian -c getgb1r.f 
/bin/rm -f getgbmp.o
ifort -FI -convert big_endian -c getgbmp.f 
/bin/rm -f putgbn.o
ifort -FI -convert big_endian -c putgbn.f 
/bin/rm -f w3fi74.o
ifort -FI -convert big_endian -c w3fi74.f 
/bin/rm -f getgb1re.o
ifort -FI -convert big_endian -c getgb1re.f 
/bin/rm -f getgbp.o
ifort -FI -convert big_endian -c getgbp.f 
/bin/rm -f r63w72.o
ifort -FI -convert big_endian -c r63w72.f 
/bin/rm -f w3fi75.o
ifort -FI -convert big_endian -c w3fi75.f 
/bin/rm -f getgb1s.o
ifort -FI -convert big_endian -c getgb1s.f 
/bin/rm -f getgi.o
ifort -FI -convert big_endian -c getgi.f 
/bin/rm -f sbyte.o
ifort -FI -convert big_endian -c sbyte.f 
/bin/rm -f w3fi76.o
ifort -FI -convert big_endian -c w3fi76.f 
/bin/rm -f getgbe.o
ifort -FI -convert big_endian -c getgbe.f 
/bin/rm -f getgir.o
ifort -FI -convert big_endian -c getgir.f 
/bin/rm -f sbytes.o
ifort -FI -convert big_endian -c sbytes.f 
/bin/rm -f w3fi82.o
ifort -FI -convert big_endian -c w3fi82.f 
/bin/rm -f getgbeh.o
ifort -FI -convert big_endian -c getgbeh.f 
/bin/rm -f idsdef.o
ifort -FI -convert big_endian -c idsdef.f 
/bin/rm -f w3fi83.o
ifort -FI -convert big_endian -c w3fi83.f 
/bin/rm -f getgbem.o
ifort -FI -convert big_endian -c getgbem.f 
/bin/rm -f iw3jdn.o
ifort -FI -convert big_endian -c iw3jdn.f 
/bin/rm -f w3difdat.o
ifort -FI -convert big_endian -c w3difdat.f 
/bin/rm -f w3fs26.o
ifort -FI -convert big_endian -c w3fs26.f 
/bin/rm -f getgbemh.o
ifort -FI -convert big_endian -c getgbemh.f 
/bin/rm -f ixgb.o
ifort -FI -convert big_endian -c ixgb.f 
/bin/rm -f w3doxdat.o
ifort -FI -convert big_endian -c w3doxdat.f 
/bin/rm -f w3log.o
ifort -FI -convert big_endian -c w3log.f 
/bin/rm -f getgbemp.o
ifort -FI -convert big_endian -c getgbemp.f 
/bin/rm -f lengds.o
ifort -FI -convert big_endian -c lengds.f 
/bin/rm -f w3fi01.o
ifort -FI -convert big_endian -c w3fi01.f 
/bin/rm -f w3movdat.o
ifort -FI -convert big_endian -c w3movdat.f 
/bin/rm -f getgbens.o
ifort -FI -convert big_endian -c getgbens.f 
/bin/rm -f pdsens.o
ifort -FI -convert big_endian -c pdsens.f 
/bin/rm -f w3fi58.o
ifort -FI -convert big_endian -c w3fi58.f 
/bin/rm -f w3reddat.o
ifort -FI -convert big_endian -c w3reddat.f 
/bin/rm -f getgbep.o
ifort -FI -convert big_endian -c getgbep.f 
/bin/rm -f pdseup.o
ifort -FI -convert big_endian -c pdseup.f 
/bin/rm -f w3fi59.o
ifort -FI -convert big_endian -c w3fi59.f 
/bin/rm -f w3tagb.o
ifort -FI -convert big_endian -c w3tagb.f 
/bin/rm -f errmsg.o
ifort -FI -convert big_endian -c errmsg.f 
/bin/rm -f getgbex.o
ifort -FI -convert big_endian -c getgbex.f 
/bin/rm -f putgb.o
ifort -FI -convert big_endian -c putgb.f 
/bin/rm -f w3fi63.o
ifort -FI -convert big_endian -c w3fi63.f 
/bin/rm -f gbytes.o
ifort -FI -convert big_endian -c gbytes.f 
/bin/rm -f getgbexm.o
ifort -FI -convert big_endian -c getgbexm.f 
/bin/rm -f putgbe.o
ifort -FI -convert big_endian -c putgbe.f 
/bin/rm -f w3fi68.o
ifort -FI -convert big_endian -c w3fi68.f 
/bin/rm -f gbytes_char.o
ifort -FI -convert big_endian -c gbytes_char.f 
/bin/rm -f getgbh.o
ifort -FI -convert big_endian -c getgbh.f 
/bin/rm -f putgben.o
ifort -FI -convert big_endian -c putgben.f 
/bin/rm -f getbit.o
ifort -FI -convert big_endian -c getbit.f 
/bin/rm -f getgbm.o
ifort -FI -convert big_endian -c getgbm.f 
/bin/rm -f putgbens.o
ifort -FI -convert big_endian -c putgbens.f 
/bin/rm -f w3fi72.o
ifort -FI -convert big_endian -c w3fi72.f 
/bin/rm -f fparsei.o
ifort -FI -convert big_endian -c fparsei.f 
/bin/rm -f fparser.o
ifort -FI -convert big_endian -c fparser.f 
/bin/rm -f instrument.o
ifort -FI -convert big_endian -c instrument.f 
/bin/rm -f start.o
ifort -FI -convert big_endian -c start.f 
/bin/rm -f summary.o
ifort -FI -convert big_endian -c summary.f 
/bin/rm -f w3utcdat.o
ifort -FI -convert big_endian -c w3utcdat.f 
/bin/rm -f w3fs21.o
ifort -FI -convert big_endian -c w3fs21.f 
/bin/rm -f w3locdat.o
ifort -FI -convert big_endian -c w3locdat.f 
/bin/rm -f w3fi71.o
ifort -FI -convert big_endian -c w3fi71.f 
/bin/rm -f baciof.o
ifort -FI -convert big_endian -c baciof.f 
/bin/rm -f bacio.v1.3.o
icc -w -D_UNDERSCORE -DBYTESWAP -DLINUX -DIO_NETCDF -DIO_BINARY -DIO_GRIB1 -DBIT32 -D_MPI -c bacio.v1.3.c 
/bin/rm -f errexit.o
icc -w -D_UNDERSCORE -DBYTESWAP -DLINUX -DIO_NETCDF -DIO_BINARY -DIO_GRIB1 -DBIT32 -D_MPI -c errexit.c 
ar ru  libw3.a bacio_module.o getgb.o     getgbmh.o   putgbex.o   w3fi73.o getgb1r.o   getgbmp.o   putgbn.o    w3fi74.o getgb1re.o  getgbp.o    r63w72.o    w3fi75.o getgb1s.o   getgi.o     sbyte.o     w3fi76.o getgbe.o    getgir.o    sbytes.o    w3fi82.o getgbeh.o   idsdef.o                w3fi83.o getgbem.o   iw3jdn.o    w3difdat.o  w3fs26.o getgbemh.o  ixgb.o      w3doxdat.o  w3log.o getgbemp.o  lengds.o    w3fi01.o    w3movdat.o getgbens.o  pdsens.o    w3fi58.o    w3reddat.o getgbep.o   pdseup.o    w3fi59.o    w3tagb.o errmsg.o    getgbex.o   putgb.o     w3fi63.o gbytes.o    getgbexm.o  putgbe.o    w3fi68.o gbytes_char.o           getgbh.o    putgben.o getbit.o    getgbm.o    putgbens.o  w3fi72.o fparsei.o   fparser.o   instrument.o start.o     summary.o   w3utcdat.o  w3fs21.o w3locdat.o  w3fi71.o    baciof.o bacio.v1.3.o errexit.o
ar: creating libw3.a
echo libw3.a
libw3.a
make[2]: Leaving directory `/mnt/lustre01/pf/b/b380910/UNAL/WPS_4.1/ungrib/src/ngl/w3'
libw3.a
ln -sf w3/libw3.a .
( cd g2 ; make -i -r DEV_TOP="/mnt/lustre01/pf/b/b380910/UNAL/WPS_4.1" all ; echo libg2_4.a )
make[2]: Entering directory `/mnt/lustre01/pf/b/b380910/UNAL/WPS_4.1/ungrib/src/ngl/g2'
Makefile:67: warning: overriding commands for target `.F.o'
/mnt/lustre01/pf/b/b380910/UNAL/WPS_4.1/configure.wps:107: warning: ignoring old commands for target `.F.o'
Makefile:72: warning: overriding commands for target `.f.o'
/mnt/lustre01/pf/b/b380910/UNAL/WPS_4.1/configure.wps:103: warning: ignoring old commands for target `.f.o'
Makefile:75: warning: overriding commands for target `.c.o'
/mnt/lustre01/pf/b/b380910/UNAL/WPS_4.1/configure.wps:99: warning: ignoring old commands for target `.c.o'
ifort -c -FI -convert big_endian gridtemplates.f
ifort -c -FI -convert big_endian pdstemplates.f
ifort -c -FI -convert big_endian drstemplates.f
ifort -c -FI -convert big_endian gribmod.f
ifort -c -FI -convert big_endian realloc.f
ifort -c -FI -convert big_endian intmath.f
/lib/cpp -C -P -traditional -DUSE_JPEG2000 -DUSE_PNG addfield.F > addfield.f90
ifort -c -FI -convert big_endian addfield.f90
/bin/rm -f addfield.f90
ifort -c -FI -convert big_endian addgrid.f
ifort -c -FI -convert big_endian addlocal.f
ifort -c -FI -convert big_endian getfield.f
ifort -c -FI -convert big_endian gb_info.f
ifort -c -FI -convert big_endian gf_getfld.f
ifort -c -FI -convert big_endian gf_free.f
ifort -c -FI -convert big_endian gf_unpack1.f
ifort -c -FI -convert big_endian gf_unpack2.f
ifort -c -FI -convert big_endian gf_unpack3.f
ifort -c -FI -convert big_endian gf_unpack4.f
ifort -c -FI -convert big_endian gf_unpack5.f
ifort -c -FI -convert big_endian gf_unpack6.f
/lib/cpp -C -P -traditional -DUSE_JPEG2000 -DUSE_PNG gf_unpack7.F > gf_unpack7.f90
ifort -c -FI -convert big_endian gf_unpack7.f90
/bin/rm -f gf_unpack7.f90
ifort -c -FI -convert big_endian gettemplates.f
ifort -c -FI -convert big_endian getlocal.f
ifort -c -FI -convert big_endian getdim.f
ifort -c -FI -convert big_endian getpoly.f
ifort -c -FI -convert big_endian gribcreate.f
ifort -c -FI -convert big_endian gribend.f
ifort -c -FI -convert big_endian gribinfo.f
ifort -c -FI -convert big_endian mkieee.f
ifort -c -FI -convert big_endian rdieee.f
ifort -c -FI -convert big_endian simunpack.f
ifort -c -FI -convert big_endian reduce.f
ifort -c -FI -convert big_endian comunpack.f
ifort -c -FI -convert big_endian specunpack.f
/lib/cpp -C -P -traditional -DUSE_JPEG2000 -DUSE_PNG jpcunpack.F > jpcunpack.f90
ifort -c -FI -convert big_endian jpcunpack.f90
/bin/rm -f jpcunpack.f90
icc -c -w -D_UNDERSCORE -DBYTESWAP -DLINUX -DIO_NETCDF -DIO_BINARY -DIO_GRIB1 -DBIT32 -D_MPI -I/pf/b/b380910/libs/grib2/include -DUSE_JPEG2000 -DUSE_PNG -D__64BIT__ dec_jpeg2000.c
/lib/cpp -C -P -traditional -DUSE_JPEG2000 -DUSE_PNG pngunpack.F > pngunpack.f90
ifort -c -FI -convert big_endian pngunpack.f90
/bin/rm -f pngunpack.f90
icc -c -w -D_UNDERSCORE -DBYTESWAP -DLINUX -DIO_NETCDF -DIO_BINARY -DIO_GRIB1 -DBIT32 -D_MPI -I/pf/b/b380910/libs/grib2/include -DUSE_JPEG2000 -DUSE_PNG -D__64BIT__ dec_png.c
ifort -c -FI -convert big_endian gbytesc.f
ifort -c -FI -convert big_endian skgb.f
ifort -c -FI -convert big_endian ixgb2.f
ifort -c -FI -convert big_endian getidx.f
ifort -c -FI -convert big_endian getg2i.f
ifort -c -FI -convert big_endian getg2ir.f
ifort -c -FI -convert big_endian getgb2s.f
ifort -c -FI -convert big_endian getgb2r.f
ifort -c -FI -convert big_endian getgb2l.f
ifort -c -FI -convert big_endian getgb2.f
ifort -c -FI -convert big_endian getgb2p.f
ifort -c -FI -convert big_endian getgb2rp.f
ifort -c -FI -convert big_endian putgb2.f
ifort -c -FI -convert big_endian g2grids.f
ifort -c -FI -convert big_endian gdt2gds.f
ifort -c -FI -convert big_endian params.f
ifort -c -FI -convert big_endian params_ecmwf.f
icc -c -w -D_UNDERSCORE -DBYTESWAP -DLINUX -DIO_NETCDF -DIO_BINARY -DIO_GRIB1 -DBIT32 -D_MPI -I/pf/b/b380910/libs/grib2/include -DUSE_JPEG2000 -DUSE_PNG -D__64BIT__ mova2i.c
/bin/rm -f libg2_4.a
ar ru  libg2_4.a gridtemplates.o pdstemplates.o drstemplates.o gribmod.o realloc.o intmath.o addfield.o addgrid.o addlocal.o getfield.o gb_info.o gf_getfld.o gf_free.o gf_unpack1.o gf_unpack2.o gf_unpack3.o gf_unpack4.o gf_unpack5.o gf_unpack6.o gf_unpack7.o gettemplates.o getlocal.o getdim.o getpoly.o gribcreate.o gribend.o gribinfo.o mkieee.o rdieee.o simunpack.o reduce.o comunpack.o specunpack.o jpcunpack.o dec_jpeg2000.o pngunpack.o dec_png.o gbytesc.o skgb.o ixgb2.o getidx.o getg2i.o getg2ir.o getgb2s.o getgb2r.o getgb2l.o getgb2.o getgb2p.o getgb2rp.o putgb2.o g2grids.o gdt2gds.o params.o params_ecmwf.o mova2i.o
ar: creating libg2_4.a
echo libg2_4.a
libg2_4.a
make[2]: Leaving directory `/mnt/lustre01/pf/b/b380910/UNAL/WPS_4.1/ungrib/src/ngl/g2'
libg2_4.a
ln -sf g2/libg2_4.a .
make[1]: Leaving directory `/mnt/lustre01/pf/b/b380910/UNAL/WPS_4.1/ungrib/src/ngl'
( cd src ; \
        if [ "" = yes ] ; then \
          WRF_DIR2=../WRF_PIANO/ ; \
        else \
          WRF_DIR2=/mnt/lustre01/pf/b/b380910/UNAL/WPS_4.1/../WRF_PIANO/ ; \
        fi ; \
	make -i -r ungrib.exe \
		WRF_DIR="$WRF_DIR2" \
		FC="ifort" \
		CC="mpicc -cc=icc" \
		CPP="/lib/cpp -C -P -traditional" \
		FFLAGS="-FR -convert big_endian" \
		CFLAGS="-w" \
		LDFLAGS="" \
		CPPFLAGS="-D_UNDERSCORE -DBYTESWAP -DLINUX -DIO_NETCDF -DIO_BINARY -DIO_GRIB1 -DBIT32 -D_MPI -D_UNGRIB" )
make[1]: Entering directory `/mnt/lustre01/pf/b/b380910/UNAL/WPS_4.1/ungrib/src'
Makefile:90: warning: overriding commands for target `.F.o'
../../configure.wps:107: warning: ignoring old commands for target `.F.o'
Makefile:95: warning: overriding commands for target `.c.o'
../../configure.wps:99: warning: ignoring old commands for target `.c.o'
/lib/cpp -C -P -traditional -D_UNDERSCORE -DBYTESWAP -DLINUX -DIO_NETCDF -DIO_BINARY -DIO_GRIB1 -DBIT32 -D_MPI -D_UNGRIB -DUSE_JPEG2000 -DUSE_PNG misc_definitions_module.F > misc_definitions_module.f90
ifort -c -FR -convert big_endian misc_definitions_module.f90
/bin/rm -f debug_cio.o
mpicc -cc=icc -D_UNDERSCORE -DBYTESWAP -DLINUX -DIO_NETCDF -DIO_BINARY -DIO_GRIB1 -DBIT32 -D_MPI -D_UNGRIB -w -c debug_cio.c
/lib/cpp -C -P -traditional -D_UNDERSCORE -DBYTESWAP -DLINUX -DIO_NETCDF -DIO_BINARY -DIO_GRIB1 -DBIT32 -D_MPI -D_UNGRIB -DUSE_JPEG2000 -DUSE_PNG module_debug.F > module_debug.f90
ifort -c -FR -convert big_endian module_debug.f90
/lib/cpp -C -P -traditional -D_UNDERSCORE -DBYTESWAP -DLINUX -DIO_NETCDF -DIO_BINARY -DIO_GRIB1 -DBIT32 -D_MPI -D_UNGRIB -DUSE_JPEG2000 -DUSE_PNG module_stringutil.F > module_stringutil.f90
ifort -c -FR -convert big_endian module_stringutil.f90
/lib/cpp -C -P -traditional -D_UNDERSCORE -DBYTESWAP -DLINUX -DIO_NETCDF -DIO_BINARY -DIO_GRIB1 -DBIT32 -D_MPI -D_UNGRIB -DUSE_JPEG2000 -DUSE_PNG table.F > table.f90
ifort -c -FR -convert big_endian table.f90
/lib/cpp -C -P -traditional -D_UNDERSCORE -DBYTESWAP -DLINUX -DIO_NETCDF -DIO_BINARY -DIO_GRIB1 -DBIT32 -D_MPI -D_UNGRIB -DUSE_JPEG2000 -DUSE_PNG module_datarray.F > module_datarray.f90
ifort -c -FR -convert big_endian module_datarray.f90
/lib/cpp -C -P -traditional -D_UNDERSCORE -DBYTESWAP -DLINUX -DIO_NETCDF -DIO_BINARY -DIO_GRIB1 -DBIT32 -D_MPI -D_UNGRIB -DUSE_JPEG2000 -DUSE_PNG gridinfo.F > gridinfo.f90
ifort -c -FR -convert big_endian gridinfo.f90
/lib/cpp -C -P -traditional -D_UNDERSCORE -DBYTESWAP -DLINUX -DIO_NETCDF -DIO_BINARY -DIO_GRIB1 -DBIT32 -D_MPI -D_UNGRIB -DUSE_JPEG2000 -DUSE_PNG new_storage.F > new_storage.f90
ifort -c -FR -convert big_endian new_storage.f90
/lib/cpp -C -P -traditional -D_UNDERSCORE -DBYTESWAP -DLINUX -DIO_NETCDF -DIO_BINARY -DIO_GRIB1 -DBIT32 -D_MPI -D_UNGRIB -DUSE_JPEG2000 -DUSE_PNG filelist.F > filelist.f90
ifort -c -FR -convert big_endian filelist.f90
/lib/cpp -C -P -traditional -D_UNDERSCORE -DBYTESWAP -DLINUX -DIO_NETCDF -DIO_BINARY -DIO_GRIB1 -DBIT32 -D_MPI -D_UNGRIB -DUSE_JPEG2000 -DUSE_PNG ungrib.F > ungrib.f90
ifort -c -FR -convert big_endian ungrib.f90
/lib/cpp -C -P -traditional -D_UNDERSCORE -DBYTESWAP -DLINUX -DIO_NETCDF -DIO_BINARY -DIO_GRIB1 -DBIT32 -D_MPI -D_UNGRIB -DUSE_JPEG2000 -DUSE_PNG output.F > output.f90
ifort -c -FR -convert big_endian output.f90
/lib/cpp -C -P -traditional -D_UNDERSCORE -DBYTESWAP -DLINUX -DIO_NETCDF -DIO_BINARY -DIO_GRIB1 -DBIT32 -D_MPI -D_UNGRIB -DUSE_JPEG2000 -DUSE_PNG rrpr.F > rrpr.f90
ifort -c -FR -convert big_endian rrpr.f90
/lib/cpp -C -P -traditional -D_UNDERSCORE -DBYTESWAP -DLINUX -DIO_NETCDF -DIO_BINARY -DIO_GRIB1 -DBIT32 -D_MPI -D_UNGRIB -DUSE_JPEG2000 -DUSE_PNG rd_grib1.F > rd_grib1.f90
ifort -c -FR -convert big_endian rd_grib1.f90
/lib/cpp -C -P -traditional -D_UNDERSCORE -DBYTESWAP -DLINUX -DIO_NETCDF -DIO_BINARY -DIO_GRIB1 -DBIT32 -D_MPI -D_UNGRIB -DUSE_JPEG2000 -DUSE_PNG file_delete.F > file_delete.f90
ifort -c -FR -convert big_endian file_delete.f90
/lib/cpp -C -P -traditional -D_UNDERSCORE -DBYTESWAP -DLINUX -DIO_NETCDF -DIO_BINARY -DIO_GRIB1 -DBIT32 -D_MPI -D_UNGRIB -DUSE_JPEG2000 -DUSE_PNG datint.F > datint.f90
ifort -c -FR -convert big_endian datint.f90
/lib/cpp -C -P -traditional -D_UNDERSCORE -DBYTESWAP -DLINUX -DIO_NETCDF -DIO_BINARY -DIO_GRIB1 -DBIT32 -D_MPI -D_UNGRIB rd_grib2.F > rd_grib2.f90
ifort -c -FI -convert big_endian  rd_grib2.f90 -I. -I./ngl/g2
/lib/cpp -C -P -traditional -D_UNDERSCORE -DBYTESWAP -DLINUX -DIO_NETCDF -DIO_BINARY -DIO_GRIB1 -DBIT32 -D_MPI -D_UNGRIB -DUSE_JPEG2000 -DUSE_PNG build_hdate.F > build_hdate.f90
ifort -c -FR -convert big_endian build_hdate.f90
/lib/cpp -C -P -traditional -D_UNDERSCORE -DBYTESWAP -DLINUX -DIO_NETCDF -DIO_BINARY -DIO_GRIB1 -DBIT32 -D_MPI -D_UNGRIB -DUSE_JPEG2000 -DUSE_PNG geth_newdate.F > geth_newdate.f90
ifort -c -FR -convert big_endian geth_newdate.f90
/lib/cpp -C -P -traditional -D_UNDERSCORE -DBYTESWAP -DLINUX -DIO_NETCDF -DIO_BINARY -DIO_GRIB1 -DBIT32 -D_MPI -D_UNGRIB -DUSE_JPEG2000 -DUSE_PNG geth_idts.F > geth_idts.f90
ifort -c -FR -convert big_endian geth_idts.f90
/lib/cpp -C -P -traditional -D_UNDERSCORE -DBYTESWAP -DLINUX -DIO_NETCDF -DIO_BINARY -DIO_GRIB1 -DBIT32 -D_MPI -D_UNGRIB -DUSE_JPEG2000 -DUSE_PNG swap.F > swap.f90
ifort -c -FR -convert big_endian swap.f90
/lib/cpp -C -P -traditional -D_UNDERSCORE -DBYTESWAP -DLINUX -DIO_NETCDF -DIO_BINARY -DIO_GRIB1 -DBIT32 -D_MPI -D_UNGRIB -DUSE_JPEG2000 -DUSE_PNG parse_table.F > parse_table.f90
ifort -c -FR -convert big_endian parse_table.f90
/lib/cpp -C -P -traditional -D_UNDERSCORE -DBYTESWAP -DLINUX -DIO_NETCDF -DIO_BINARY -DIO_GRIB1 -DBIT32 -D_MPI -D_UNGRIB -DUSE_JPEG2000 -DUSE_PNG gbytesys.F > gbytesys.f90
ifort -c -FR -convert big_endian gbytesys.f90
/lib/cpp -C -P -traditional -D_UNDERSCORE -DBYTESWAP -DLINUX -DIO_NETCDF -DIO_BINARY -DIO_GRIB1 -DBIT32 -D_MPI -D_UNGRIB -DUSE_JPEG2000 -DUSE_PNG gribcode.F > gribcode.f90
ifort -c -FR -convert big_endian gribcode.f90
/lib/cpp -C -P -traditional -D_UNDERSCORE -DBYTESWAP -DLINUX -DIO_NETCDF -DIO_BINARY -DIO_GRIB1 -DBIT32 -D_MPI -D_UNGRIB -DUSE_JPEG2000 -DUSE_PNG read_namelist.F > read_namelist.f90
ifort -c -FR -convert big_endian read_namelist.f90
/bin/rm -f cio.o
mpicc -cc=icc -D_UNDERSCORE -DBYTESWAP -DLINUX -DIO_NETCDF -DIO_BINARY -DIO_GRIB1 -DBIT32 -D_MPI -D_UNGRIB -w -c cio.c
/bin/rm -f libpgu.a
ar ru libpgu.a build_hdate.o geth_newdate.o geth_idts.o swap.o table.o parse_table.o gbytesys.o gribcode.o read_namelist.o cio.o
ar: creating libpgu.a
echo libpgu.a
libpgu.a
/bin/rm -f ungrib.exe
if [ -z  ] ; then \
			  ifort -o ungrib.exe  misc_definitions_module.o debug_cio.o module_debug.o module_stringutil.o table.o module_datarray.o gridinfo.o new_storage.o filelist.o ungrib.o output.o rrpr.o rd_grib1.o file_delete.o datint.o rd_grib2.o  \
				-L./ngl -lw3 -lg2_4 \
				-L/pf/b/b380910/libs/grib2/lib -ljasper -lpng -lz \
				-L. -lpgu ; \
                        else \
			  ifort -o ungrib.exe  misc_definitions_module.o debug_cio.o module_debug.o module_stringutil.o table.o module_datarray.o gridinfo.o new_storage.o filelist.o ungrib.o output.o rrpr.o rd_grib1.o file_delete.o datint.o rd_grib2.o  \
				./ngl/w3/libw3.a ./ngl/g2/libg2_4.a \
				-L/pf/b/b380910/libs/grib2/lib -ljasper -lpng -lz \
				libpgu.a ; \
                        fi
/pf/b/b380910/libs/grib2/lib/libjasper.a(jas_stream.o): In function `jas_stream_tmpfile':
/pf/b/b380910/libs/jasper-1.900.1/src/libjasper/base/jas_stream.c:368: warning: the use of `tmpnam' is dangerous, better use `mkstemp'
make[1]: Leaving directory `/mnt/lustre01/pf/b/b380910/UNAL/WPS_4.1/ungrib/src'
if [ -h ungrib.exe ] ; then \
	        /bin/rm -f ungrib.exe ; \
	fi ; \
	if [ -h ../ungrib.exe ] ; then \
		/bin/rm -f ../ungrib.exe ; \
	fi ; \
	if [ -e src/ungrib.exe ] ; then \
		ln -sf src/ungrib.exe . ; \
	fi
make[1]: Entering directory `/mnt/lustre01/pf/b/b380910/UNAL/WPS_4.1/metgrid/src'
/bin/rm -f cio.o
mpicc -cc=icc -D_UNDERSCORE -DBYTESWAP -DLINUX -DIO_NETCDF -DIO_BINARY -DIO_GRIB1 -DBIT32 -D_MPI -D_METGRID -w -c cio.c	
/bin/rm -f misc_definitions_module.o misc_definitions_module.mod
/lib/cpp -C -P -traditional -D_UNDERSCORE -DBYTESWAP -DLINUX -DIO_NETCDF -DIO_BINARY -DIO_GRIB1 -DBIT32 -D_MPI -D_METGRID -DUSE_JPEG2000 -DUSE_PNG -I/mnt/lustre01/pf/b/b380910/UNAL/WPS_4.1/../WRF_PIANO//external/io_netcdf -I/mnt/lustre01/pf/b/b380910/UNAL/WPS_4.1/../WRF_PIANO//external/io_grib_share -I/mnt/lustre01/pf/b/b380910/UNAL/WPS_4.1/../WRF_PIANO//external/io_grib1 -I/mnt/lustre01/pf/b/b380910/UNAL/WPS_4.1/../WRF_PIANO//external/io_int -I/mnt/lustre01/pf/b/b380910/UNAL/WPS_4.1/../WRF_PIANO//inc -I/pf/b/b380910/libs/netcdf_all-intel/include misc_definitions_module.F > misc_definitions_module.f90
mpif90 -f90=ifort -FR -convert big_endian -c misc_definitions_module.f90 -I/mnt/lustre01/pf/b/b380910/UNAL/WPS_4.1/../WRF_PIANO//external/io_netcdf -I/mnt/lustre01/pf/b/b380910/UNAL/WPS_4.1/../WRF_PIANO//external/io_grib_share -I/mnt/lustre01/pf/b/b380910/UNAL/WPS_4.1/../WRF_PIANO//external/io_grib1 -I/mnt/lustre01/pf/b/b380910/UNAL/WPS_4.1/../WRF_PIANO//external/io_int -I/mnt/lustre01/pf/b/b380910/UNAL/WPS_4.1/../WRF_PIANO//inc -I/pf/b/b380910/libs/netcdf_all-intel/include
/bin/rm -f parallel_module.o parallel_module.mod
/lib/cpp -C -P -traditional -D_UNDERSCORE -DBYTESWAP -DLINUX -DIO_NETCDF -DIO_BINARY -DIO_GRIB1 -DBIT32 -D_MPI -D_METGRID -DUSE_JPEG2000 -DUSE_PNG -I/mnt/lustre01/pf/b/b380910/UNAL/WPS_4.1/../WRF_PIANO//external/io_netcdf -I/mnt/lustre01/pf/b/b380910/UNAL/WPS_4.1/../WRF_PIANO//external/io_grib_share -I/mnt/lustre01/pf/b/b380910/UNAL/WPS_4.1/../WRF_PIANO//external/io_grib1 -I/mnt/lustre01/pf/b/b380910/UNAL/WPS_4.1/../WRF_PIANO//external/io_int -I/mnt/lustre01/pf/b/b380910/UNAL/WPS_4.1/../WRF_PIANO//inc -I/pf/b/b380910/libs/netcdf_all-intel/include parallel_module.F > parallel_module.f90
mpif90 -f90=ifort -FR -convert big_endian -c parallel_module.f90 -I/mnt/lustre01/pf/b/b380910/UNAL/WPS_4.1/../WRF_PIANO//external/io_netcdf -I/mnt/lustre01/pf/b/b380910/UNAL/WPS_4.1/../WRF_PIANO//external/io_grib_share -I/mnt/lustre01/pf/b/b380910/UNAL/WPS_4.1/../WRF_PIANO//external/io_grib1 -I/mnt/lustre01/pf/b/b380910/UNAL/WPS_4.1/../WRF_PIANO//external/io_int -I/mnt/lustre01/pf/b/b380910/UNAL/WPS_4.1/../WRF_PIANO//inc -I/pf/b/b380910/libs/netcdf_all-intel/include
/bin/rm -f module_debug.o module_debug.mod
/lib/cpp -C -P -traditional -D_UNDERSCORE -DBYTESWAP -DLINUX -DIO_NETCDF -DIO_BINARY -DIO_GRIB1 -DBIT32 -D_MPI -D_METGRID -DUSE_JPEG2000 -DUSE_PNG -I/mnt/lustre01/pf/b/b380910/UNAL/WPS_4.1/../WRF_PIANO//external/io_netcdf -I/mnt/lustre01/pf/b/b380910/UNAL/WPS_4.1/../WRF_PIANO//external/io_grib_share -I/mnt/lustre01/pf/b/b380910/UNAL/WPS_4.1/../WRF_PIANO//external/io_grib1 -I/mnt/lustre01/pf/b/b380910/UNAL/WPS_4.1/../WRF_PIANO//external/io_int -I/mnt/lustre01/pf/b/b380910/UNAL/WPS_4.1/../WRF_PIANO//inc -I/pf/b/b380910/libs/netcdf_all-intel/include module_debug.F > module_debug.f90
mpif90 -f90=ifort -FR -convert big_endian -c module_debug.f90 -I/mnt/lustre01/pf/b/b380910/UNAL/WPS_4.1/../WRF_PIANO//external/io_netcdf -I/mnt/lustre01/pf/b/b380910/UNAL/WPS_4.1/../WRF_PIANO//external/io_grib_share -I/mnt/lustre01/pf/b/b380910/UNAL/WPS_4.1/../WRF_PIANO//external/io_grib1 -I/mnt/lustre01/pf/b/b380910/UNAL/WPS_4.1/../WRF_PIANO//external/io_int -I/mnt/lustre01/pf/b/b380910/UNAL/WPS_4.1/../WRF_PIANO//inc -I/pf/b/b380910/libs/netcdf_all-intel/include
/bin/rm -f gridinfo_module.o gridinfo_module.mod
/lib/cpp -C -P -traditional -D_UNDERSCORE -DBYTESWAP -DLINUX -DIO_NETCDF -DIO_BINARY -DIO_GRIB1 -DBIT32 -D_MPI -D_METGRID -DUSE_JPEG2000 -DUSE_PNG -I/mnt/lustre01/pf/b/b380910/UNAL/WPS_4.1/../WRF_PIANO//external/io_netcdf -I/mnt/lustre01/pf/b/b380910/UNAL/WPS_4.1/../WRF_PIANO//external/io_grib_share -I/mnt/lustre01/pf/b/b380910/UNAL/WPS_4.1/../WRF_PIANO//external/io_grib1 -I/mnt/lustre01/pf/b/b380910/UNAL/WPS_4.1/../WRF_PIANO//external/io_int -I/mnt/lustre01/pf/b/b380910/UNAL/WPS_4.1/../WRF_PIANO//inc -I/pf/b/b380910/libs/netcdf_all-intel/include gridinfo_module.F > gridinfo_module.f90
mpif90 -f90=ifort -FR -convert big_endian -c gridinfo_module.f90 -I/mnt/lustre01/pf/b/b380910/UNAL/WPS_4.1/../WRF_PIANO//external/io_netcdf -I/mnt/lustre01/pf/b/b380910/UNAL/WPS_4.1/../WRF_PIANO//external/io_grib_share -I/mnt/lustre01/pf/b/b380910/UNAL/WPS_4.1/../WRF_PIANO//external/io_grib1 -I/mnt/lustre01/pf/b/b380910/UNAL/WPS_4.1/../WRF_PIANO//external/io_int -I/mnt/lustre01/pf/b/b380910/UNAL/WPS_4.1/../WRF_PIANO//inc -I/pf/b/b380910/libs/netcdf_all-intel/include
/bin/rm -f wrf_debug.o wrf_debug.mod
/lib/cpp -C -P -traditional -D_UNDERSCORE -DBYTESWAP -DLINUX -DIO_NETCDF -DIO_BINARY -DIO_GRIB1 -DBIT32 -D_MPI -D_METGRID -DUSE_JPEG2000 -DUSE_PNG -I/mnt/lustre01/pf/b/b380910/UNAL/WPS_4.1/../WRF_PIANO//external/io_netcdf -I/mnt/lustre01/pf/b/b380910/UNAL/WPS_4.1/../WRF_PIANO//external/io_grib_share -I/mnt/lustre01/pf/b/b380910/UNAL/WPS_4.1/../WRF_PIANO//external/io_grib1 -I/mnt/lustre01/pf/b/b380910/UNAL/WPS_4.1/../WRF_PIANO//external/io_int -I/mnt/lustre01/pf/b/b380910/UNAL/WPS_4.1/../WRF_PIANO//inc -I/pf/b/b380910/libs/netcdf_all-intel/include wrf_debug.F > wrf_debug.f90
mpif90 -f90=ifort -FR -convert big_endian -c wrf_debug.f90 -I/mnt/lustre01/pf/b/b380910/UNAL/WPS_4.1/../WRF_PIANO//external/io_netcdf -I/mnt/lustre01/pf/b/b380910/UNAL/WPS_4.1/../WRF_PIANO//external/io_grib_share -I/mnt/lustre01/pf/b/b380910/UNAL/WPS_4.1/../WRF_PIANO//external/io_grib1 -I/mnt/lustre01/pf/b/b380910/UNAL/WPS_4.1/../WRF_PIANO//external/io_int -I/mnt/lustre01/pf/b/b380910/UNAL/WPS_4.1/../WRF_PIANO//inc -I/pf/b/b380910/libs/netcdf_all-intel/include
/bin/rm -f bitarray_module.o bitarray_module.mod
/lib/cpp -C -P -traditional -D_UNDERSCORE -DBYTESWAP -DLINUX -DIO_NETCDF -DIO_BINARY -DIO_GRIB1 -DBIT32 -D_MPI -D_METGRID -DUSE_JPEG2000 -DUSE_PNG -I/mnt/lustre01/pf/b/b380910/UNAL/WPS_4.1/../WRF_PIANO//external/io_netcdf -I/mnt/lustre01/pf/b/b380910/UNAL/WPS_4.1/../WRF_PIANO//external/io_grib_share -I/mnt/lustre01/pf/b/b380910/UNAL/WPS_4.1/../WRF_PIANO//external/io_grib1 -I/mnt/lustre01/pf/b/b380910/UNAL/WPS_4.1/../WRF_PIANO//external/io_int -I/mnt/lustre01/pf/b/b380910/UNAL/WPS_4.1/../WRF_PIANO//inc -I/pf/b/b380910/libs/netcdf_all-intel/include bitarray_module.F > bitarray_module.f90
mpif90 -f90=ifort -FR -convert big_endian -c bitarray_module.f90 -I/mnt/lustre01/pf/b/b380910/UNAL/WPS_4.1/../WRF_PIANO//external/io_netcdf -I/mnt/lustre01/pf/b/b380910/UNAL/WPS_4.1/../WRF_PIANO//external/io_grib_share -I/mnt/lustre01/pf/b/b380910/UNAL/WPS_4.1/../WRF_PIANO//external/io_grib1 -I/mnt/lustre01/pf/b/b380910/UNAL/WPS_4.1/../WRF_PIANO//external/io_int -I/mnt/lustre01/pf/b/b380910/UNAL/WPS_4.1/../WRF_PIANO//inc -I/pf/b/b380910/libs/netcdf_all-intel/include
/bin/rm -f constants_module.o constants_module.mod
/lib/cpp -C -P -traditional -D_UNDERSCORE -DBYTESWAP -DLINUX -DIO_NETCDF -DIO_BINARY -DIO_GRIB1 -DBIT32 -D_MPI -D_METGRID -DUSE_JPEG2000 -DUSE_PNG -I/mnt/lustre01/pf/b/b380910/UNAL/WPS_4.1/../WRF_PIANO//external/io_netcdf -I/mnt/lustre01/pf/b/b380910/UNAL/WPS_4.1/../WRF_PIANO//external/io_grib_share -I/mnt/lustre01/pf/b/b380910/UNAL/WPS_4.1/../WRF_PIANO//external/io_grib1 -I/mnt/lustre01/pf/b/b380910/UNAL/WPS_4.1/../WRF_PIANO//external/io_int -I/mnt/lustre01/pf/b/b380910/UNAL/WPS_4.1/../WRF_PIANO//inc -I/pf/b/b380910/libs/netcdf_all-intel/include constants_module.F > constants_module.f90
mpif90 -f90=ifort -FR -convert big_endian -c constants_module.f90 -I/mnt/lustre01/pf/b/b380910/UNAL/WPS_4.1/../WRF_PIANO//external/io_netcdf -I/mnt/lustre01/pf/b/b380910/UNAL/WPS_4.1/../WRF_PIANO//external/io_grib_share -I/mnt/lustre01/pf/b/b380910/UNAL/WPS_4.1/../WRF_PIANO//external/io_grib1 -I/mnt/lustre01/pf/b/b380910/UNAL/WPS_4.1/../WRF_PIANO//external/io_int -I/mnt/lustre01/pf/b/b380910/UNAL/WPS_4.1/../WRF_PIANO//inc -I/pf/b/b380910/libs/netcdf_all-intel/include
/bin/rm -f datatype_module.o datatype_module.mod
/lib/cpp -C -P -traditional -D_UNDERSCORE -DBYTESWAP -DLINUX -DIO_NETCDF -DIO_BINARY -DIO_GRIB1 -DBIT32 -D_MPI -D_METGRID -DUSE_JPEG2000 -DUSE_PNG -I/mnt/lustre01/pf/b/b380910/UNAL/WPS_4.1/../WRF_PIANO//external/io_netcdf -I/mnt/lustre01/pf/b/b380910/UNAL/WPS_4.1/../WRF_PIANO//external/io_grib_share -I/mnt/lustre01/pf/b/b380910/UNAL/WPS_4.1/../WRF_PIANO//external/io_grib1 -I/mnt/lustre01/pf/b/b380910/UNAL/WPS_4.1/../WRF_PIANO//external/io_int -I/mnt/lustre01/pf/b/b380910/UNAL/WPS_4.1/../WRF_PIANO//inc -I/pf/b/b380910/libs/netcdf_all-intel/include datatype_module.F > datatype_module.f90
mpif90 -f90=ifort -FR -convert big_endian -c datatype_module.f90 -I/mnt/lustre01/pf/b/b380910/UNAL/WPS_4.1/../WRF_PIANO//external/io_netcdf -I/mnt/lustre01/pf/b/b380910/UNAL/WPS_4.1/../WRF_PIANO//external/io_grib_share -I/mnt/lustre01/pf/b/b380910/UNAL/WPS_4.1/../WRF_PIANO//external/io_grib1 -I/mnt/lustre01/pf/b/b380910/UNAL/WPS_4.1/../WRF_PIANO//external/io_int -I/mnt/lustre01/pf/b/b380910/UNAL/WPS_4.1/../WRF_PIANO//inc -I/pf/b/b380910/libs/netcdf_all-intel/include
/bin/rm -f module_stringutil.o module_stringutil.mod
/lib/cpp -C -P -traditional -D_UNDERSCORE -DBYTESWAP -DLINUX -DIO_NETCDF -DIO_BINARY -DIO_GRIB1 -DBIT32 -D_MPI -D_METGRID -DUSE_JPEG2000 -DUSE_PNG -I/mnt/lustre01/pf/b/b380910/UNAL/WPS_4.1/../WRF_PIANO//external/io_netcdf -I/mnt/lustre01/pf/b/b380910/UNAL/WPS_4.1/../WRF_PIANO//external/io_grib_share -I/mnt/lustre01/pf/b/b380910/UNAL/WPS_4.1/../WRF_PIANO//external/io_grib1 -I/mnt/lustre01/pf/b/b380910/UNAL/WPS_4.1/../WRF_PIANO//external/io_int -I/mnt/lustre01/pf/b/b380910/UNAL/WPS_4.1/../WRF_PIANO//inc -I/pf/b/b380910/libs/netcdf_all-intel/include module_stringutil.F > module_stringutil.f90
mpif90 -f90=ifort -FR -convert big_endian -c module_stringutil.f90 -I/mnt/lustre01/pf/b/b380910/UNAL/WPS_4.1/../WRF_PIANO//external/io_netcdf -I/mnt/lustre01/pf/b/b380910/UNAL/WPS_4.1/../WRF_PIANO//external/io_grib_share -I/mnt/lustre01/pf/b/b380910/UNAL/WPS_4.1/../WRF_PIANO//external/io_grib1 -I/mnt/lustre01/pf/b/b380910/UNAL/WPS_4.1/../WRF_PIANO//external/io_int -I/mnt/lustre01/pf/b/b380910/UNAL/WPS_4.1/../WRF_PIANO//inc -I/pf/b/b380910/libs/netcdf_all-intel/include
/bin/rm -f list_module.o list_module.mod
/lib/cpp -C -P -traditional -D_UNDERSCORE -DBYTESWAP -DLINUX -DIO_NETCDF -DIO_BINARY -DIO_GRIB1 -DBIT32 -D_MPI -D_METGRID -DUSE_JPEG2000 -DUSE_PNG -I/mnt/lustre01/pf/b/b380910/UNAL/WPS_4.1/../WRF_PIANO//external/io_netcdf -I/mnt/lustre01/pf/b/b380910/UNAL/WPS_4.1/../WRF_PIANO//external/io_grib_share -I/mnt/lustre01/pf/b/b380910/UNAL/WPS_4.1/../WRF_PIANO//external/io_grib1 -I/mnt/lustre01/pf/b/b380910/UNAL/WPS_4.1/../WRF_PIANO//external/io_int -I/mnt/lustre01/pf/b/b380910/UNAL/WPS_4.1/../WRF_PIANO//inc -I/pf/b/b380910/libs/netcdf_all-intel/include list_module.F > list_module.f90
mpif90 -f90=ifort -FR -convert big_endian -c list_module.f90 -I/mnt/lustre01/pf/b/b380910/UNAL/WPS_4.1/../WRF_PIANO//external/io_netcdf -I/mnt/lustre01/pf/b/b380910/UNAL/WPS_4.1/../WRF_PIANO//external/io_grib_share -I/mnt/lustre01/pf/b/b380910/UNAL/WPS_4.1/../WRF_PIANO//external/io_grib1 -I/mnt/lustre01/pf/b/b380910/UNAL/WPS_4.1/../WRF_PIANO//external/io_int -I/mnt/lustre01/pf/b/b380910/UNAL/WPS_4.1/../WRF_PIANO//inc -I/pf/b/b380910/libs/netcdf_all-intel/include
/bin/rm -f interp_option_module.o interp_option_module.mod
/lib/cpp -C -P -traditional -D_UNDERSCORE -DBYTESWAP -DLINUX -DIO_NETCDF -DIO_BINARY -DIO_GRIB1 -DBIT32 -D_MPI -D_METGRID -DUSE_JPEG2000 -DUSE_PNG -I/mnt/lustre01/pf/b/b380910/UNAL/WPS_4.1/../WRF_PIANO//external/io_netcdf -I/mnt/lustre01/pf/b/b380910/UNAL/WPS_4.1/../WRF_PIANO//external/io_grib_share -I/mnt/lustre01/pf/b/b380910/UNAL/WPS_4.1/../WRF_PIANO//external/io_grib1 -I/mnt/lustre01/pf/b/b380910/UNAL/WPS_4.1/../WRF_PIANO//external/io_int -I/mnt/lustre01/pf/b/b380910/UNAL/WPS_4.1/../WRF_PIANO//inc -I/pf/b/b380910/libs/netcdf_all-intel/include interp_option_module.F > interp_option_module.f90
mpif90 -f90=ifort -FR -convert big_endian -c interp_option_module.f90 -I/mnt/lustre01/pf/b/b380910/UNAL/WPS_4.1/../WRF_PIANO//external/io_netcdf -I/mnt/lustre01/pf/b/b380910/UNAL/WPS_4.1/../WRF_PIANO//external/io_grib_share -I/mnt/lustre01/pf/b/b380910/UNAL/WPS_4.1/../WRF_PIANO//external/io_grib1 -I/mnt/lustre01/pf/b/b380910/UNAL/WPS_4.1/../WRF_PIANO//external/io_int -I/mnt/lustre01/pf/b/b380910/UNAL/WPS_4.1/../WRF_PIANO//inc -I/pf/b/b380910/libs/netcdf_all-intel/include
/bin/rm -f module_date_pack.o module_date_pack.mod
/lib/cpp -C -P -traditional -D_UNDERSCORE -DBYTESWAP -DLINUX -DIO_NETCDF -DIO_BINARY -DIO_GRIB1 -DBIT32 -D_MPI -D_METGRID -DUSE_JPEG2000 -DUSE_PNG -I/mnt/lustre01/pf/b/b380910/UNAL/WPS_4.1/../WRF_PIANO//external/io_netcdf -I/mnt/lustre01/pf/b/b380910/UNAL/WPS_4.1/../WRF_PIANO//external/io_grib_share -I/mnt/lustre01/pf/b/b380910/UNAL/WPS_4.1/../WRF_PIANO//external/io_grib1 -I/mnt/lustre01/pf/b/b380910/UNAL/WPS_4.1/../WRF_PIANO//external/io_int -I/mnt/lustre01/pf/b/b380910/UNAL/WPS_4.1/../WRF_PIANO//inc -I/pf/b/b380910/libs/netcdf_all-intel/include module_date_pack.F > module_date_pack.f90
mpif90 -f90=ifort -FR -convert big_endian -c module_date_pack.f90 -I/mnt/lustre01/pf/b/b380910/UNAL/WPS_4.1/../WRF_PIANO//external/io_netcdf -I/mnt/lustre01/pf/b/b380910/UNAL/WPS_4.1/../WRF_PIANO//external/io_grib_share -I/mnt/lustre01/pf/b/b380910/UNAL/WPS_4.1/../WRF_PIANO//external/io_grib1 -I/mnt/lustre01/pf/b/b380910/UNAL/WPS_4.1/../WRF_PIANO//external/io_int -I/mnt/lustre01/pf/b/b380910/UNAL/WPS_4.1/../WRF_PIANO//inc -I/pf/b/b380910/libs/netcdf_all-intel/include
/bin/rm -f queue_module.o queue_module.mod
/lib/cpp -C -P -traditional -D_UNDERSCORE -DBYTESWAP -DLINUX -DIO_NETCDF -DIO_BINARY -DIO_GRIB1 -DBIT32 -D_MPI -D_METGRID -DUSE_JPEG2000 -DUSE_PNG -I/mnt/lustre01/pf/b/b380910/UNAL/WPS_4.1/../WRF_PIANO//external/io_netcdf -I/mnt/lustre01/pf/b/b380910/UNAL/WPS_4.1/../WRF_PIANO//external/io_grib_share -I/mnt/lustre01/pf/b/b380910/UNAL/WPS_4.1/../WRF_PIANO//external/io_grib1 -I/mnt/lustre01/pf/b/b380910/UNAL/WPS_4.1/../WRF_PIANO//external/io_int -I/mnt/lustre01/pf/b/b380910/UNAL/WPS_4.1/../WRF_PIANO//inc -I/pf/b/b380910/libs/netcdf_all-intel/include queue_module.F > queue_module.f90
mpif90 -f90=ifort -FR -convert big_endian -c queue_module.f90 -I/mnt/lustre01/pf/b/b380910/UNAL/WPS_4.1/../WRF_PIANO//external/io_netcdf -I/mnt/lustre01/pf/b/b380910/UNAL/WPS_4.1/../WRF_PIANO//external/io_grib_share -I/mnt/lustre01/pf/b/b380910/UNAL/WPS_4.1/../WRF_PIANO//external/io_grib1 -I/mnt/lustre01/pf/b/b380910/UNAL/WPS_4.1/../WRF_PIANO//external/io_int -I/mnt/lustre01/pf/b/b380910/UNAL/WPS_4.1/../WRF_PIANO//inc -I/pf/b/b380910/libs/netcdf_all-intel/include
/bin/rm -f input_module.o input_module.mod
/lib/cpp -C -P -traditional -D_UNDERSCORE -DBYTESWAP -DLINUX -DIO_NETCDF -DIO_BINARY -DIO_GRIB1 -DBIT32 -D_MPI -D_METGRID -DUSE_JPEG2000 -DUSE_PNG -I/mnt/lustre01/pf/b/b380910/UNAL/WPS_4.1/../WRF_PIANO//external/io_netcdf -I/mnt/lustre01/pf/b/b380910/UNAL/WPS_4.1/../WRF_PIANO//external/io_grib_share -I/mnt/lustre01/pf/b/b380910/UNAL/WPS_4.1/../WRF_PIANO//external/io_grib1 -I/mnt/lustre01/pf/b/b380910/UNAL/WPS_4.1/../WRF_PIANO//external/io_int -I/mnt/lustre01/pf/b/b380910/UNAL/WPS_4.1/../WRF_PIANO//inc -I/pf/b/b380910/libs/netcdf_all-intel/include input_module.F > input_module.f90
mpif90 -f90=ifort -FR -convert big_endian -c input_module.f90 -I/mnt/lustre01/pf/b/b380910/UNAL/WPS_4.1/../WRF_PIANO//external/io_netcdf -I/mnt/lustre01/pf/b/b380910/UNAL/WPS_4.1/../WRF_PIANO//external/io_grib_share -I/mnt/lustre01/pf/b/b380910/UNAL/WPS_4.1/../WRF_PIANO//external/io_grib1 -I/mnt/lustre01/pf/b/b380910/UNAL/WPS_4.1/../WRF_PIANO//external/io_int -I/mnt/lustre01/pf/b/b380910/UNAL/WPS_4.1/../WRF_PIANO//inc -I/pf/b/b380910/libs/netcdf_all-intel/include
/bin/rm -f interp_module.o interp_module.mod
/lib/cpp -C -P -traditional -D_UNDERSCORE -DBYTESWAP -DLINUX -DIO_NETCDF -DIO_BINARY -DIO_GRIB1 -DBIT32 -D_MPI -D_METGRID -DUSE_JPEG2000 -DUSE_PNG -I/mnt/lustre01/pf/b/b380910/UNAL/WPS_4.1/../WRF_PIANO//external/io_netcdf -I/mnt/lustre01/pf/b/b380910/UNAL/WPS_4.1/../WRF_PIANO//external/io_grib_share -I/mnt/lustre01/pf/b/b380910/UNAL/WPS_4.1/../WRF_PIANO//external/io_grib1 -I/mnt/lustre01/pf/b/b380910/UNAL/WPS_4.1/../WRF_PIANO//external/io_int -I/mnt/lustre01/pf/b/b380910/UNAL/WPS_4.1/../WRF_PIANO//inc -I/pf/b/b380910/libs/netcdf_all-intel/include interp_module.F > interp_module.f90
mpif90 -f90=ifort -FR -convert big_endian -c interp_module.f90 -I/mnt/lustre01/pf/b/b380910/UNAL/WPS_4.1/../WRF_PIANO//external/io_netcdf -I/mnt/lustre01/pf/b/b380910/UNAL/WPS_4.1/../WRF_PIANO//external/io_grib_share -I/mnt/lustre01/pf/b/b380910/UNAL/WPS_4.1/../WRF_PIANO//external/io_grib1 -I/mnt/lustre01/pf/b/b380910/UNAL/WPS_4.1/../WRF_PIANO//external/io_int -I/mnt/lustre01/pf/b/b380910/UNAL/WPS_4.1/../WRF_PIANO//inc -I/pf/b/b380910/libs/netcdf_all-intel/include
/bin/rm -f module_map_utils.o module_map_utils.mod
/lib/cpp -C -P -traditional -D_UNDERSCORE -DBYTESWAP -DLINUX -DIO_NETCDF -DIO_BINARY -DIO_GRIB1 -DBIT32 -D_MPI -D_METGRID -DUSE_JPEG2000 -DUSE_PNG -I/mnt/lustre01/pf/b/b380910/UNAL/WPS_4.1/../WRF_PIANO//external/io_netcdf -I/mnt/lustre01/pf/b/b380910/UNAL/WPS_4.1/../WRF_PIANO//external/io_grib_share -I/mnt/lustre01/pf/b/b380910/UNAL/WPS_4.1/../WRF_PIANO//external/io_grib1 -I/mnt/lustre01/pf/b/b380910/UNAL/WPS_4.1/../WRF_PIANO//external/io_int -I/mnt/lustre01/pf/b/b380910/UNAL/WPS_4.1/../WRF_PIANO//inc -I/pf/b/b380910/libs/netcdf_all-intel/include module_map_utils.F > module_map_utils.f90
mpif90 -f90=ifort -FR -convert big_endian -c module_map_utils.f90 -I/mnt/lustre01/pf/b/b380910/UNAL/WPS_4.1/../WRF_PIANO//external/io_netcdf -I/mnt/lustre01/pf/b/b380910/UNAL/WPS_4.1/../WRF_PIANO//external/io_grib_share -I/mnt/lustre01/pf/b/b380910/UNAL/WPS_4.1/../WRF_PIANO//external/io_grib1 -I/mnt/lustre01/pf/b/b380910/UNAL/WPS_4.1/../WRF_PIANO//external/io_int -I/mnt/lustre01/pf/b/b380910/UNAL/WPS_4.1/../WRF_PIANO//inc -I/pf/b/b380910/libs/netcdf_all-intel/include
/bin/rm -f llxy_module.o llxy_module.mod
/lib/cpp -C -P -traditional -D_UNDERSCORE -DBYTESWAP -DLINUX -DIO_NETCDF -DIO_BINARY -DIO_GRIB1 -DBIT32 -D_MPI -D_METGRID -DUSE_JPEG2000 -DUSE_PNG -I/mnt/lustre01/pf/b/b380910/UNAL/WPS_4.1/../WRF_PIANO//external/io_netcdf -I/mnt/lustre01/pf/b/b380910/UNAL/WPS_4.1/../WRF_PIANO//external/io_grib_share -I/mnt/lustre01/pf/b/b380910/UNAL/WPS_4.1/../WRF_PIANO//external/io_grib1 -I/mnt/lustre01/pf/b/b380910/UNAL/WPS_4.1/../WRF_PIANO//external/io_int -I/mnt/lustre01/pf/b/b380910/UNAL/WPS_4.1/../WRF_PIANO//inc -I/pf/b/b380910/libs/netcdf_all-intel/include llxy_module.F > llxy_module.f90
mpif90 -f90=ifort -FR -convert big_endian -c llxy_module.f90 -I/mnt/lustre01/pf/b/b380910/UNAL/WPS_4.1/../WRF_PIANO//external/io_netcdf -I/mnt/lustre01/pf/b/b380910/UNAL/WPS_4.1/../WRF_PIANO//external/io_grib_share -I/mnt/lustre01/pf/b/b380910/UNAL/WPS_4.1/../WRF_PIANO//external/io_grib1 -I/mnt/lustre01/pf/b/b380910/UNAL/WPS_4.1/../WRF_PIANO//external/io_int -I/mnt/lustre01/pf/b/b380910/UNAL/WPS_4.1/../WRF_PIANO//inc -I/pf/b/b380910/libs/netcdf_all-intel/include
/bin/rm -f module_mergesort.o module_mergesort.mod
/lib/cpp -C -P -traditional -D_UNDERSCORE -DBYTESWAP -DLINUX -DIO_NETCDF -DIO_BINARY -DIO_GRIB1 -DBIT32 -D_MPI -D_METGRID -DUSE_JPEG2000 -DUSE_PNG -I/mnt/lustre01/pf/b/b380910/UNAL/WPS_4.1/../WRF_PIANO//external/io_netcdf -I/mnt/lustre01/pf/b/b380910/UNAL/WPS_4.1/../WRF_PIANO//external/io_grib_share -I/mnt/lustre01/pf/b/b380910/UNAL/WPS_4.1/../WRF_PIANO//external/io_grib1 -I/mnt/lustre01/pf/b/b380910/UNAL/WPS_4.1/../WRF_PIANO//external/io_int -I/mnt/lustre01/pf/b/b380910/UNAL/WPS_4.1/../WRF_PIANO//inc -I/pf/b/b380910/libs/netcdf_all-intel/include module_mergesort.F > module_mergesort.f90
mpif90 -f90=ifort -FR -convert big_endian -c module_mergesort.f90 -I/mnt/lustre01/pf/b/b380910/UNAL/WPS_4.1/../WRF_PIANO//external/io_netcdf -I/mnt/lustre01/pf/b/b380910/UNAL/WPS_4.1/../WRF_PIANO//external/io_grib_share -I/mnt/lustre01/pf/b/b380910/UNAL/WPS_4.1/../WRF_PIANO//external/io_grib1 -I/mnt/lustre01/pf/b/b380910/UNAL/WPS_4.1/../WRF_PIANO//external/io_int -I/mnt/lustre01/pf/b/b380910/UNAL/WPS_4.1/../WRF_PIANO//inc -I/pf/b/b380910/libs/netcdf_all-intel/include
/bin/rm -f minheap_module.o minheap_module.mod
/lib/cpp -C -P -traditional -D_UNDERSCORE -DBYTESWAP -DLINUX -DIO_NETCDF -DIO_BINARY -DIO_GRIB1 -DBIT32 -D_MPI -D_METGRID -DUSE_JPEG2000 -DUSE_PNG -I/mnt/lustre01/pf/b/b380910/UNAL/WPS_4.1/../WRF_PIANO//external/io_netcdf -I/mnt/lustre01/pf/b/b380910/UNAL/WPS_4.1/../WRF_PIANO//external/io_grib_share -I/mnt/lustre01/pf/b/b380910/UNAL/WPS_4.1/../WRF_PIANO//external/io_grib1 -I/mnt/lustre01/pf/b/b380910/UNAL/WPS_4.1/../WRF_PIANO//external/io_int -I/mnt/lustre01/pf/b/b380910/UNAL/WPS_4.1/../WRF_PIANO//inc -I/pf/b/b380910/libs/netcdf_all-intel/include minheap_module.F > minheap_module.f90
mpif90 -f90=ifort -FR -convert big_endian -c minheap_module.f90 -I/mnt/lustre01/pf/b/b380910/UNAL/WPS_4.1/../WRF_PIANO//external/io_netcdf -I/mnt/lustre01/pf/b/b380910/UNAL/WPS_4.1/../WRF_PIANO//external/io_grib_share -I/mnt/lustre01/pf/b/b380910/UNAL/WPS_4.1/../WRF_PIANO//external/io_grib1 -I/mnt/lustre01/pf/b/b380910/UNAL/WPS_4.1/../WRF_PIANO//external/io_int -I/mnt/lustre01/pf/b/b380910/UNAL/WPS_4.1/../WRF_PIANO//inc -I/pf/b/b380910/libs/netcdf_all-intel/include
/bin/rm -f storage_module.o storage_module.mod
/lib/cpp -C -P -traditional -D_UNDERSCORE -DBYTESWAP -DLINUX -DIO_NETCDF -DIO_BINARY -DIO_GRIB1 -DBIT32 -D_MPI -D_METGRID -DUSE_JPEG2000 -DUSE_PNG -I/mnt/lustre01/pf/b/b380910/UNAL/WPS_4.1/../WRF_PIANO//external/io_netcdf -I/mnt/lustre01/pf/b/b380910/UNAL/WPS_4.1/../WRF_PIANO//external/io_grib_share -I/mnt/lustre01/pf/b/b380910/UNAL/WPS_4.1/../WRF_PIANO//external/io_grib1 -I/mnt/lustre01/pf/b/b380910/UNAL/WPS_4.1/../WRF_PIANO//external/io_int -I/mnt/lustre01/pf/b/b380910/UNAL/WPS_4.1/../WRF_PIANO//inc -I/pf/b/b380910/libs/netcdf_all-intel/include storage_module.F > storage_module.f90
mpif90 -f90=ifort -FR -convert big_endian -c storage_module.f90 -I/mnt/lustre01/pf/b/b380910/UNAL/WPS_4.1/../WRF_PIANO//external/io_netcdf -I/mnt/lustre01/pf/b/b380910/UNAL/WPS_4.1/../WRF_PIANO//external/io_grib_share -I/mnt/lustre01/pf/b/b380910/UNAL/WPS_4.1/../WRF_PIANO//external/io_grib1 -I/mnt/lustre01/pf/b/b380910/UNAL/WPS_4.1/../WRF_PIANO//external/io_int -I/mnt/lustre01/pf/b/b380910/UNAL/WPS_4.1/../WRF_PIANO//inc -I/pf/b/b380910/libs/netcdf_all-intel/include
/bin/rm -f output_module.o output_module.mod
/lib/cpp -C -P -traditional -D_UNDERSCORE -DBYTESWAP -DLINUX -DIO_NETCDF -DIO_BINARY -DIO_GRIB1 -DBIT32 -D_MPI -D_METGRID -DUSE_JPEG2000 -DUSE_PNG -I/mnt/lustre01/pf/b/b380910/UNAL/WPS_4.1/../WRF_PIANO//external/io_netcdf -I/mnt/lustre01/pf/b/b380910/UNAL/WPS_4.1/../WRF_PIANO//external/io_grib_share -I/mnt/lustre01/pf/b/b380910/UNAL/WPS_4.1/../WRF_PIANO//external/io_grib1 -I/mnt/lustre01/pf/b/b380910/UNAL/WPS_4.1/../WRF_PIANO//external/io_int -I/mnt/lustre01/pf/b/b380910/UNAL/WPS_4.1/../WRF_PIANO//inc -I/pf/b/b380910/libs/netcdf_all-intel/include output_module.F > output_module.f90
mpif90 -f90=ifort -FR -convert big_endian -c output_module.f90 -I/mnt/lustre01/pf/b/b380910/UNAL/WPS_4.1/../WRF_PIANO//external/io_netcdf -I/mnt/lustre01/pf/b/b380910/UNAL/WPS_4.1/../WRF_PIANO//external/io_grib_share -I/mnt/lustre01/pf/b/b380910/UNAL/WPS_4.1/../WRF_PIANO//external/io_grib1 -I/mnt/lustre01/pf/b/b380910/UNAL/WPS_4.1/../WRF_PIANO//external/io_int -I/mnt/lustre01/pf/b/b380910/UNAL/WPS_4.1/../WRF_PIANO//inc -I/pf/b/b380910/libs/netcdf_all-intel/include
/bin/rm -f met_data_module.o met_data_module.mod
/lib/cpp -C -P -traditional -D_UNDERSCORE -DBYTESWAP -DLINUX -DIO_NETCDF -DIO_BINARY -DIO_GRIB1 -DBIT32 -D_MPI -D_METGRID -DUSE_JPEG2000 -DUSE_PNG -I/mnt/lustre01/pf/b/b380910/UNAL/WPS_4.1/../WRF_PIANO//external/io_netcdf -I/mnt/lustre01/pf/b/b380910/UNAL/WPS_4.1/../WRF_PIANO//external/io_grib_share -I/mnt/lustre01/pf/b/b380910/UNAL/WPS_4.1/../WRF_PIANO//external/io_grib1 -I/mnt/lustre01/pf/b/b380910/UNAL/WPS_4.1/../WRF_PIANO//external/io_int -I/mnt/lustre01/pf/b/b380910/UNAL/WPS_4.1/../WRF_PIANO//inc -I/pf/b/b380910/libs/netcdf_all-intel/include met_data_module.F > met_data_module.f90
mpif90 -f90=ifort -FR -convert big_endian -c met_data_module.f90 -I/mnt/lustre01/pf/b/b380910/UNAL/WPS_4.1/../WRF_PIANO//external/io_netcdf -I/mnt/lustre01/pf/b/b380910/UNAL/WPS_4.1/../WRF_PIANO//external/io_grib_share -I/mnt/lustre01/pf/b/b380910/UNAL/WPS_4.1/../WRF_PIANO//external/io_grib1 -I/mnt/lustre01/pf/b/b380910/UNAL/WPS_4.1/../WRF_PIANO//external/io_int -I/mnt/lustre01/pf/b/b380910/UNAL/WPS_4.1/../WRF_PIANO//inc -I/pf/b/b380910/libs/netcdf_all-intel/include
/bin/rm -f read_met_module.o read_met_module.mod
/lib/cpp -C -P -traditional -D_UNDERSCORE -DBYTESWAP -DLINUX -DIO_NETCDF -DIO_BINARY -DIO_GRIB1 -DBIT32 -D_MPI -D_METGRID -DUSE_JPEG2000 -DUSE_PNG -I/mnt/lustre01/pf/b/b380910/UNAL/WPS_4.1/../WRF_PIANO//external/io_netcdf -I/mnt/lustre01/pf/b/b380910/UNAL/WPS_4.1/../WRF_PIANO//external/io_grib_share -I/mnt/lustre01/pf/b/b380910/UNAL/WPS_4.1/../WRF_PIANO//external/io_grib1 -I/mnt/lustre01/pf/b/b380910/UNAL/WPS_4.1/../WRF_PIANO//external/io_int -I/mnt/lustre01/pf/b/b380910/UNAL/WPS_4.1/../WRF_PIANO//inc -I/pf/b/b380910/libs/netcdf_all-intel/include read_met_module.F > read_met_module.f90
mpif90 -f90=ifort -FR -convert big_endian -c read_met_module.f90 -I/mnt/lustre01/pf/b/b380910/UNAL/WPS_4.1/../WRF_PIANO//external/io_netcdf -I/mnt/lustre01/pf/b/b380910/UNAL/WPS_4.1/../WRF_PIANO//external/io_grib_share -I/mnt/lustre01/pf/b/b380910/UNAL/WPS_4.1/../WRF_PIANO//external/io_grib1 -I/mnt/lustre01/pf/b/b380910/UNAL/WPS_4.1/../WRF_PIANO//external/io_int -I/mnt/lustre01/pf/b/b380910/UNAL/WPS_4.1/../WRF_PIANO//inc -I/pf/b/b380910/libs/netcdf_all-intel/include
/bin/rm -f rotate_winds_module.o rotate_winds_module.mod
/lib/cpp -C -P -traditional -D_UNDERSCORE -DBYTESWAP -DLINUX -DIO_NETCDF -DIO_BINARY -DIO_GRIB1 -DBIT32 -D_MPI -D_METGRID -DUSE_JPEG2000 -DUSE_PNG -I/mnt/lustre01/pf/b/b380910/UNAL/WPS_4.1/../WRF_PIANO//external/io_netcdf -I/mnt/lustre01/pf/b/b380910/UNAL/WPS_4.1/../WRF_PIANO//external/io_grib_share -I/mnt/lustre01/pf/b/b380910/UNAL/WPS_4.1/../WRF_PIANO//external/io_grib1 -I/mnt/lustre01/pf/b/b380910/UNAL/WPS_4.1/../WRF_PIANO//external/io_int -I/mnt/lustre01/pf/b/b380910/UNAL/WPS_4.1/../WRF_PIANO//inc -I/pf/b/b380910/libs/netcdf_all-intel/include rotate_winds_module.F > rotate_winds_module.f90
mpif90 -f90=ifort -FR -convert big_endian -c rotate_winds_module.f90 -I/mnt/lustre01/pf/b/b380910/UNAL/WPS_4.1/../WRF_PIANO//external/io_netcdf -I/mnt/lustre01/pf/b/b380910/UNAL/WPS_4.1/../WRF_PIANO//external/io_grib_share -I/mnt/lustre01/pf/b/b380910/UNAL/WPS_4.1/../WRF_PIANO//external/io_grib1 -I/mnt/lustre01/pf/b/b380910/UNAL/WPS_4.1/../WRF_PIANO//external/io_int -I/mnt/lustre01/pf/b/b380910/UNAL/WPS_4.1/../WRF_PIANO//inc -I/pf/b/b380910/libs/netcdf_all-intel/include
/bin/rm -f scan_input.o scan_input.mod
/lib/cpp -C -P -traditional -D_UNDERSCORE -DBYTESWAP -DLINUX -DIO_NETCDF -DIO_BINARY -DIO_GRIB1 -DBIT32 -D_MPI -D_METGRID -DUSE_JPEG2000 -DUSE_PNG -I/mnt/lustre01/pf/b/b380910/UNAL/WPS_4.1/../WRF_PIANO//external/io_netcdf -I/mnt/lustre01/pf/b/b380910/UNAL/WPS_4.1/../WRF_PIANO//external/io_grib_share -I/mnt/lustre01/pf/b/b380910/UNAL/WPS_4.1/../WRF_PIANO//external/io_grib1 -I/mnt/lustre01/pf/b/b380910/UNAL/WPS_4.1/../WRF_PIANO//external/io_int -I/mnt/lustre01/pf/b/b380910/UNAL/WPS_4.1/../WRF_PIANO//inc -I/pf/b/b380910/libs/netcdf_all-intel/include scan_input.F > scan_input.f90
mpif90 -f90=ifort -FR -convert big_endian -c scan_input.f90 -I/mnt/lustre01/pf/b/b380910/UNAL/WPS_4.1/../WRF_PIANO//external/io_netcdf -I/mnt/lustre01/pf/b/b380910/UNAL/WPS_4.1/../WRF_PIANO//external/io_grib_share -I/mnt/lustre01/pf/b/b380910/UNAL/WPS_4.1/../WRF_PIANO//external/io_grib1 -I/mnt/lustre01/pf/b/b380910/UNAL/WPS_4.1/../WRF_PIANO//external/io_int -I/mnt/lustre01/pf/b/b380910/UNAL/WPS_4.1/../WRF_PIANO//inc -I/pf/b/b380910/libs/netcdf_all-intel/include
/bin/rm -f mpas_mesh.o mpas_mesh.mod
/lib/cpp -C -P -traditional -D_UNDERSCORE -DBYTESWAP -DLINUX -DIO_NETCDF -DIO_BINARY -DIO_GRIB1 -DBIT32 -D_MPI -D_METGRID -DUSE_JPEG2000 -DUSE_PNG -I/mnt/lustre01/pf/b/b380910/UNAL/WPS_4.1/../WRF_PIANO//external/io_netcdf -I/mnt/lustre01/pf/b/b380910/UNAL/WPS_4.1/../WRF_PIANO//external/io_grib_share -I/mnt/lustre01/pf/b/b380910/UNAL/WPS_4.1/../WRF_PIANO//external/io_grib1 -I/mnt/lustre01/pf/b/b380910/UNAL/WPS_4.1/../WRF_PIANO//external/io_int -I/mnt/lustre01/pf/b/b380910/UNAL/WPS_4.1/../WRF_PIANO//inc -I/pf/b/b380910/libs/netcdf_all-intel/include mpas_mesh.F > mpas_mesh.f90
mpif90 -f90=ifort -FR -convert big_endian -c mpas_mesh.f90 -I/mnt/lustre01/pf/b/b380910/UNAL/WPS_4.1/../WRF_PIANO//external/io_netcdf -I/mnt/lustre01/pf/b/b380910/UNAL/WPS_4.1/../WRF_PIANO//external/io_grib_share -I/mnt/lustre01/pf/b/b380910/UNAL/WPS_4.1/../WRF_PIANO//external/io_grib1 -I/mnt/lustre01/pf/b/b380910/UNAL/WPS_4.1/../WRF_PIANO//external/io_int -I/mnt/lustre01/pf/b/b380910/UNAL/WPS_4.1/../WRF_PIANO//inc -I/pf/b/b380910/libs/netcdf_all-intel/include
/bin/rm -f target_mesh.o target_mesh.mod
/lib/cpp -C -P -traditional -D_UNDERSCORE -DBYTESWAP -DLINUX -DIO_NETCDF -DIO_BINARY -DIO_GRIB1 -DBIT32 -D_MPI -D_METGRID -DUSE_JPEG2000 -DUSE_PNG -I/mnt/lustre01/pf/b/b380910/UNAL/WPS_4.1/../WRF_PIANO//external/io_netcdf -I/mnt/lustre01/pf/b/b380910/UNAL/WPS_4.1/../WRF_PIANO//external/io_grib_share -I/mnt/lustre01/pf/b/b380910/UNAL/WPS_4.1/../WRF_PIANO//external/io_grib1 -I/mnt/lustre01/pf/b/b380910/UNAL/WPS_4.1/../WRF_PIANO//external/io_int -I/mnt/lustre01/pf/b/b380910/UNAL/WPS_4.1/../WRF_PIANO//inc -I/pf/b/b380910/libs/netcdf_all-intel/include target_mesh.F > target_mesh.f90
mpif90 -f90=ifort -FR -convert big_endian -c target_mesh.f90 -I/mnt/lustre01/pf/b/b380910/UNAL/WPS_4.1/../WRF_PIANO//external/io_netcdf -I/mnt/lustre01/pf/b/b380910/UNAL/WPS_4.1/../WRF_PIANO//external/io_grib_share -I/mnt/lustre01/pf/b/b380910/UNAL/WPS_4.1/../WRF_PIANO//external/io_grib1 -I/mnt/lustre01/pf/b/b380910/UNAL/WPS_4.1/../WRF_PIANO//external/io_int -I/mnt/lustre01/pf/b/b380910/UNAL/WPS_4.1/../WRF_PIANO//inc -I/pf/b/b380910/libs/netcdf_all-intel/include
/bin/rm -f remapper.o remapper.mod
/lib/cpp -C -P -traditional -D_UNDERSCORE -DBYTESWAP -DLINUX -DIO_NETCDF -DIO_BINARY -DIO_GRIB1 -DBIT32 -D_MPI -D_METGRID -DUSE_JPEG2000 -DUSE_PNG -I/mnt/lustre01/pf/b/b380910/UNAL/WPS_4.1/../WRF_PIANO//external/io_netcdf -I/mnt/lustre01/pf/b/b380910/UNAL/WPS_4.1/../WRF_PIANO//external/io_grib_share -I/mnt/lustre01/pf/b/b380910/UNAL/WPS_4.1/../WRF_PIANO//external/io_grib1 -I/mnt/lustre01/pf/b/b380910/UNAL/WPS_4.1/../WRF_PIANO//external/io_int -I/mnt/lustre01/pf/b/b380910/UNAL/WPS_4.1/../WRF_PIANO//inc -I/pf/b/b380910/libs/netcdf_all-intel/include remapper.F > remapper.f90
mpif90 -f90=ifort -FR -convert big_endian -c remapper.f90 -I/mnt/lustre01/pf/b/b380910/UNAL/WPS_4.1/../WRF_PIANO//external/io_netcdf -I/mnt/lustre01/pf/b/b380910/UNAL/WPS_4.1/../WRF_PIANO//external/io_grib_share -I/mnt/lustre01/pf/b/b380910/UNAL/WPS_4.1/../WRF_PIANO//external/io_grib1 -I/mnt/lustre01/pf/b/b380910/UNAL/WPS_4.1/../WRF_PIANO//external/io_int -I/mnt/lustre01/pf/b/b380910/UNAL/WPS_4.1/../WRF_PIANO//inc -I/pf/b/b380910/libs/netcdf_all-intel/include
/bin/rm -f process_domain_module.o process_domain_module.mod
/lib/cpp -C -P -traditional -D_UNDERSCORE -DBYTESWAP -DLINUX -DIO_NETCDF -DIO_BINARY -DIO_GRIB1 -DBIT32 -D_MPI -D_METGRID -DUSE_JPEG2000 -DUSE_PNG -I/mnt/lustre01/pf/b/b380910/UNAL/WPS_4.1/../WRF_PIANO//external/io_netcdf -I/mnt/lustre01/pf/b/b380910/UNAL/WPS_4.1/../WRF_PIANO//external/io_grib_share -I/mnt/lustre01/pf/b/b380910/UNAL/WPS_4.1/../WRF_PIANO//external/io_grib1 -I/mnt/lustre01/pf/b/b380910/UNAL/WPS_4.1/../WRF_PIANO//external/io_int -I/mnt/lustre01/pf/b/b380910/UNAL/WPS_4.1/../WRF_PIANO//inc -I/pf/b/b380910/libs/netcdf_all-intel/include process_domain_module.F > process_domain_module.f90
mpif90 -f90=ifort -FR -convert big_endian -c process_domain_module.f90 -I/mnt/lustre01/pf/b/b380910/UNAL/WPS_4.1/../WRF_PIANO//external/io_netcdf -I/mnt/lustre01/pf/b/b380910/UNAL/WPS_4.1/../WRF_PIANO//external/io_grib_share -I/mnt/lustre01/pf/b/b380910/UNAL/WPS_4.1/../WRF_PIANO//external/io_grib1 -I/mnt/lustre01/pf/b/b380910/UNAL/WPS_4.1/../WRF_PIANO//external/io_int -I/mnt/lustre01/pf/b/b380910/UNAL/WPS_4.1/../WRF_PIANO//inc -I/pf/b/b380910/libs/netcdf_all-intel/include
process_domain_module.f90(1): warning #5462: Global name too long, shortened from: process_domain_module_mp_process_intermediate_fields_$BLK.parallel_module_mp_mpi_statuses_ignore_ to: rocess_domain_module_mp_process_intermediate_fields_$BLK.parallel_module_mp_mpi_statuses_ignore_
module process_domain_module
^
process_domain_module.f90(1): warning #5462: Global name too long, shortened from: process_domain_module_mp_process_intermediate_fields_$BLK.parallel_module_mp_mpi_errcodes_ignore_ to: rocess_domain_module_mp_process_intermediate_fields_$BLK.parallel_module_mp_mpi_errcodes_ignore_
module process_domain_module
^
/bin/rm -f metgrid.o metgrid.mod
/lib/cpp -C -P -traditional -D_UNDERSCORE -DBYTESWAP -DLINUX -DIO_NETCDF -DIO_BINARY -DIO_GRIB1 -DBIT32 -D_MPI -D_METGRID -DUSE_JPEG2000 -DUSE_PNG -I/mnt/lustre01/pf/b/b380910/UNAL/WPS_4.1/../WRF_PIANO//external/io_netcdf -I/mnt/lustre01/pf/b/b380910/UNAL/WPS_4.1/../WRF_PIANO//external/io_grib_share -I/mnt/lustre01/pf/b/b380910/UNAL/WPS_4.1/../WRF_PIANO//external/io_grib1 -I/mnt/lustre01/pf/b/b380910/UNAL/WPS_4.1/../WRF_PIANO//external/io_int -I/mnt/lustre01/pf/b/b380910/UNAL/WPS_4.1/../WRF_PIANO//inc -I/pf/b/b380910/libs/netcdf_all-intel/include metgrid.F > metgrid.f90
mpif90 -f90=ifort -FR -convert big_endian -c metgrid.f90 -I/mnt/lustre01/pf/b/b380910/UNAL/WPS_4.1/../WRF_PIANO//external/io_netcdf -I/mnt/lustre01/pf/b/b380910/UNAL/WPS_4.1/../WRF_PIANO//external/io_grib_share -I/mnt/lustre01/pf/b/b380910/UNAL/WPS_4.1/../WRF_PIANO//external/io_grib1 -I/mnt/lustre01/pf/b/b380910/UNAL/WPS_4.1/../WRF_PIANO//external/io_int -I/mnt/lustre01/pf/b/b380910/UNAL/WPS_4.1/../WRF_PIANO//inc -I/pf/b/b380910/libs/netcdf_all-intel/include
/bin/rm -f write_met_module.o write_met_module.mod
/lib/cpp -C -P -traditional -D_UNDERSCORE -DBYTESWAP -DLINUX -DIO_NETCDF -DIO_BINARY -DIO_GRIB1 -DBIT32 -D_MPI -D_METGRID -DUSE_JPEG2000 -DUSE_PNG -I/mnt/lustre01/pf/b/b380910/UNAL/WPS_4.1/../WRF_PIANO//external/io_netcdf -I/mnt/lustre01/pf/b/b380910/UNAL/WPS_4.1/../WRF_PIANO//external/io_grib_share -I/mnt/lustre01/pf/b/b380910/UNAL/WPS_4.1/../WRF_PIANO//external/io_grib1 -I/mnt/lustre01/pf/b/b380910/UNAL/WPS_4.1/../WRF_PIANO//external/io_int -I/mnt/lustre01/pf/b/b380910/UNAL/WPS_4.1/../WRF_PIANO//inc -I/pf/b/b380910/libs/netcdf_all-intel/include write_met_module.F > write_met_module.f90
mpif90 -f90=ifort -FR -convert big_endian -c write_met_module.f90 -I/mnt/lustre01/pf/b/b380910/UNAL/WPS_4.1/../WRF_PIANO//external/io_netcdf -I/mnt/lustre01/pf/b/b380910/UNAL/WPS_4.1/../WRF_PIANO//external/io_grib_share -I/mnt/lustre01/pf/b/b380910/UNAL/WPS_4.1/../WRF_PIANO//external/io_grib1 -I/mnt/lustre01/pf/b/b380910/UNAL/WPS_4.1/../WRF_PIANO//external/io_int -I/mnt/lustre01/pf/b/b380910/UNAL/WPS_4.1/../WRF_PIANO//inc -I/pf/b/b380910/libs/netcdf_all-intel/include
mpif90 -f90=ifort  -o metgrid.exe cio.o wrf_debug.o bitarray_module.o constants_module.o datatype_module.o module_stringutil.o gridinfo_module.o metgrid.o input_module.o interp_module.o interp_option_module.o list_module.o llxy_module.o met_data_module.o minheap_module.o misc_definitions_module.o module_date_pack.o module_debug.o module_map_utils.o module_mergesort.o output_module.o parallel_module.o process_domain_module.o queue_module.o read_met_module.o rotate_winds_module.o storage_module.o write_met_module.o scan_input.o mpas_mesh.o target_mesh.o remapper.o \
                /mnt/lustre01/pf/b/b380910/UNAL/WPS_4.1/../WRF_PIANO//frame/module_driver_constants.o \
		/mnt/lustre01/pf/b/b380910/UNAL/WPS_4.1/../WRF_PIANO//frame/pack_utils.o /mnt/lustre01/pf/b/b380910/UNAL/WPS_4.1/../WRF_PIANO//frame/module_machine.o \
		/mnt/lustre01/pf/b/b380910/UNAL/WPS_4.1/../WRF_PIANO//frame/module_internal_header_util.o \
                -I/mnt/lustre01/pf/b/b380910/UNAL/WPS_4.1/../WRF_PIANO//external/io_netcdf -I/mnt/lustre01/pf/b/b380910/UNAL/WPS_4.1/../WRF_PIANO//external/io_grib_share -I/mnt/lustre01/pf/b/b380910/UNAL/WPS_4.1/../WRF_PIANO//external/io_grib1 -I/mnt/lustre01/pf/b/b380910/UNAL/WPS_4.1/../WRF_PIANO//external/io_int -I/mnt/lustre01/pf/b/b380910/UNAL/WPS_4.1/../WRF_PIANO//inc -I/pf/b/b380910/libs/netcdf_all-intel/include \
                -L/mnt/lustre01/pf/b/b380910/UNAL/WPS_4.1/../WRF_PIANO//external/io_grib1 -lio_grib1 -L/mnt/lustre01/pf/b/b380910/UNAL/WPS_4.1/../WRF_PIANO//external/io_grib_share -lio_grib_share -L/mnt/lustre01/pf/b/b380910/UNAL/WPS_4.1/../WRF_PIANO//external/io_int -lwrfio_int -L/mnt/lustre01/pf/b/b380910/UNAL/WPS_4.1/../WRF_PIANO//external/io_netcdf -lwrfio_nf -L/pf/b/b380910/libs/netcdf_all-intel/lib -lnetcdff -lnetcdf \
                
make[1]: Leaving directory `/mnt/lustre01/pf/b/b380910/UNAL/WPS_4.1/metgrid/src'
( cd src/ngl ; make -i -r DEV_TOP="/mnt/lustre01/pf/b/b380910/UNAL/WPS_4.1" CC="icc" FC="ifort" RANLIB="echo" all )
make[1]: Entering directory `/mnt/lustre01/pf/b/b380910/UNAL/WPS_4.1/ungrib/src/ngl'
make[1]: Nothing to be done for `all'.
make[1]: Leaving directory `/mnt/lustre01/pf/b/b380910/UNAL/WPS_4.1/ungrib/src/ngl'
( cd src ; \
        if [ "" = yes ] ; then \
          WRF_DIR2=../WRF_PIANO/ ; \
        else \
          WRF_DIR2=/mnt/lustre01/pf/b/b380910/UNAL/WPS_4.1/../WRF_PIANO/ ; \
        fi ; \
	make -i -r g1print.exe \
		WRF_DIR="$WRF_DIR2" \
		FC="ifort" \
		CC="mpicc -cc=icc" \
		CPP="/lib/cpp -C -P -traditional" \
		FFLAGS="-FR -convert big_endian" \
		CFLAGS="-w" \
		LDFLAGS="" \
		CPPFLAGS="-D_UNDERSCORE -DBYTESWAP -DLINUX -DIO_NETCDF -DIO_BINARY -DIO_GRIB1 -DBIT32 -D_MPI -D_GRIBUTIL" )
make[1]: Entering directory `/mnt/lustre01/pf/b/b380910/UNAL/WPS_4.1/ungrib/src'
Makefile:90: warning: overriding commands for target `.F.o'
../../configure.wps:107: warning: ignoring old commands for target `.F.o'
Makefile:95: warning: overriding commands for target `.c.o'
../../configure.wps:99: warning: ignoring old commands for target `.c.o'
/lib/cpp -C -P -traditional -D_UNDERSCORE -DBYTESWAP -DLINUX -DIO_NETCDF -DIO_BINARY -DIO_GRIB1 -DBIT32 -D_MPI -D_GRIBUTIL -DUSE_JPEG2000 -DUSE_PNG g1print.F > g1print.f90
ifort -c -FR -convert big_endian g1print.f90
ifort -o g1print.exe  g1print.o gribcode.o module_debug.o debug_cio.o libpgu.a
make[1]: Leaving directory `/mnt/lustre01/pf/b/b380910/UNAL/WPS_4.1/ungrib/src'
if [ -h g1print.exe ] ; then \
	        /bin/rm -f g1print.exe ; \
	fi ; \
	if [ -h ../g1print.exe ] ; then \
		/bin/rm -f ../g1print.exe ; \
	fi ; \
	if [ -e src/g1print.exe ] ; then \
		ln -sf src/g1print.exe . ; \
	fi
( cd src/ngl ; make -i -r DEV_TOP="/mnt/lustre01/pf/b/b380910/UNAL/WPS_4.1" CC="icc" FC="ifort" RANLIB="echo" all )
make[1]: Entering directory `/mnt/lustre01/pf/b/b380910/UNAL/WPS_4.1/ungrib/src/ngl'
make[1]: Nothing to be done for `all'.
make[1]: Leaving directory `/mnt/lustre01/pf/b/b380910/UNAL/WPS_4.1/ungrib/src/ngl'
( cd src ; \
        if [ "" = yes ] ; then \
          WRF_DIR2=../WRF_PIANO/ ; \
        else \
          WRF_DIR2=/mnt/lustre01/pf/b/b380910/UNAL/WPS_4.1/../WRF_PIANO/ ; \
        fi ; \
	make -i -r g2print.exe \
		WRF_DIR="$WRF_DIR2" \
		FC="ifort" \
		CC="mpicc -cc=icc" \
		CPP="/lib/cpp -C -P -traditional" \
		FFLAGS="-FR -convert big_endian" \
		CFLAGS="-w" \
		LDFLAGS="" \
		CPPFLAGS="-D_UNDERSCORE -DBYTESWAP -DLINUX -DIO_NETCDF -DIO_BINARY -DIO_GRIB1 -DBIT32 -D_MPI -D_GRIBUTIL" )
make[1]: Entering directory `/mnt/lustre01/pf/b/b380910/UNAL/WPS_4.1/ungrib/src'
Makefile:90: warning: overriding commands for target `.F.o'
../../configure.wps:107: warning: ignoring old commands for target `.F.o'
Makefile:95: warning: overriding commands for target `.c.o'
../../configure.wps:99: warning: ignoring old commands for target `.c.o'
/lib/cpp -C -P -traditional -D_UNDERSCORE -DBYTESWAP -DLINUX -DIO_NETCDF -DIO_BINARY -DIO_GRIB1 -DBIT32 -D_MPI -D_GRIBUTIL g2print.F > g2print.f90
ifort -c -FR -convert big_endian  g2print.f90 -I. -I./ngl/g2
if [ -z  ] ; then \
			  ifort -o g2print.exe  g2print.o \
				filelist.o gridinfo.o \
				-L. -lpgu \
				-L./ngl -lw3 -lg2_4 \
				-L/pf/b/b380910/libs/grib2/lib -ljasper -lpng -lz ; \
                        else \
			  ifort -o g2print.exe  g2print.o \
				filelist.o gridinfo.o \
				libpgu.a  \
				./ngl/w3/libw3.a ./ngl/g2/libg2_4.a \
				-L/pf/b/b380910/libs/grib2/lib -ljasper -lpng -lz ; \
                        fi
/pf/b/b380910/libs/grib2/lib/libjasper.a(jas_stream.o): In function `jas_stream_tmpfile':
/pf/b/b380910/libs/jasper-1.900.1/src/libjasper/base/jas_stream.c:368: warning: the use of `tmpnam' is dangerous, better use `mkstemp'
make[1]: Leaving directory `/mnt/lustre01/pf/b/b380910/UNAL/WPS_4.1/ungrib/src'
if [ -h g2print.exe ] ; then \
	        /bin/rm -f g2print.exe ; \
	fi ; \
	if [ -h ../g2print.exe ] ; then \
		/bin/rm -f ../g2print.exe ; \
	fi ; \
	if [ -e src/g2print.exe ] ; then \
		ln -sf src/g2print.exe . ; \
	fi
( cd src ; \
        if [ "" = yes ] ; then \
          WRF_DIR2=../WRF_PIANO/ ; \
        else \
          WRF_DIR2=/mnt/lustre01/pf/b/b380910/UNAL/WPS_4.1/../WRF_PIANO/ ; \
        fi ; \
	make -i -r rd_intermediate.exe \
		WRF_DIR="$WRF_DIR2" \
		FC="mpif90 -f90=ifort" \
		CC="mpicc -cc=icc" \
		CPP="/lib/cpp -C -P -traditional" \
		FFLAGS="-FR -convert big_endian" \
		CFLAGS="-w" \
		LDFLAGS="" \
		CPPFLAGS="-D_UNDERSCORE -DBYTESWAP -DLINUX -DIO_NETCDF -DIO_BINARY -DIO_GRIB1 -DBIT32 -D_MPI -D_UTIL" )
make[1]: Entering directory `/mnt/lustre01/pf/b/b380910/UNAL/WPS_4.1/util/src'
/bin/rm -f cio.o
mpicc -cc=icc -D_UNDERSCORE -DBYTESWAP -DLINUX -DIO_NETCDF -DIO_BINARY -DIO_GRIB1 -DBIT32 -D_MPI -D_UTIL -w -c cio.c	
/bin/rm -f module_debug.o module_debug.mod
/lib/cpp -C -P -traditional -D_UNDERSCORE -DBYTESWAP -DLINUX -DIO_NETCDF -DIO_BINARY -DIO_GRIB1 -DBIT32 -D_MPI -D_UTIL -DUSE_JPEG2000 -DUSE_PNG -I/mnt/lustre01/pf/b/b380910/UNAL/WPS_4.1/../WRF_PIANO//external/io_netcdf -I/mnt/lustre01/pf/b/b380910/UNAL/WPS_4.1/../WRF_PIANO//external/io_grib_share -I/mnt/lustre01/pf/b/b380910/UNAL/WPS_4.1/../WRF_PIANO//external/io_grib1 -I/mnt/lustre01/pf/b/b380910/UNAL/WPS_4.1/../WRF_PIANO//external/io_int -I/mnt/lustre01/pf/b/b380910/UNAL/WPS_4.1/../WRF_PIANO//inc -I/pf/b/b380910/libs/netcdf_all-intel/include module_debug.F > module_debug.f90
mpif90 -f90=ifort -FR -convert big_endian -c module_debug.f90 -I/mnt/lustre01/pf/b/b380910/UNAL/WPS_4.1/../WRF_PIANO//external/io_netcdf -I/mnt/lustre01/pf/b/b380910/UNAL/WPS_4.1/../WRF_PIANO//external/io_grib_share -I/mnt/lustre01/pf/b/b380910/UNAL/WPS_4.1/../WRF_PIANO//external/io_grib1 -I/mnt/lustre01/pf/b/b380910/UNAL/WPS_4.1/../WRF_PIANO//external/io_int -I/mnt/lustre01/pf/b/b380910/UNAL/WPS_4.1/../WRF_PIANO//inc -I/pf/b/b380910/libs/netcdf_all-intel/include
/bin/rm -f met_data_module.o met_data_module.mod
/lib/cpp -C -P -traditional -D_UNDERSCORE -DBYTESWAP -DLINUX -DIO_NETCDF -DIO_BINARY -DIO_GRIB1 -DBIT32 -D_MPI -D_UTIL -DUSE_JPEG2000 -DUSE_PNG -I/mnt/lustre01/pf/b/b380910/UNAL/WPS_4.1/../WRF_PIANO//external/io_netcdf -I/mnt/lustre01/pf/b/b380910/UNAL/WPS_4.1/../WRF_PIANO//external/io_grib_share -I/mnt/lustre01/pf/b/b380910/UNAL/WPS_4.1/../WRF_PIANO//external/io_grib1 -I/mnt/lustre01/pf/b/b380910/UNAL/WPS_4.1/../WRF_PIANO//external/io_int -I/mnt/lustre01/pf/b/b380910/UNAL/WPS_4.1/../WRF_PIANO//inc -I/pf/b/b380910/libs/netcdf_all-intel/include met_data_module.F > met_data_module.f90
mpif90 -f90=ifort -FR -convert big_endian -c met_data_module.f90 -I/mnt/lustre01/pf/b/b380910/UNAL/WPS_4.1/../WRF_PIANO//external/io_netcdf -I/mnt/lustre01/pf/b/b380910/UNAL/WPS_4.1/../WRF_PIANO//external/io_grib_share -I/mnt/lustre01/pf/b/b380910/UNAL/WPS_4.1/../WRF_PIANO//external/io_grib1 -I/mnt/lustre01/pf/b/b380910/UNAL/WPS_4.1/../WRF_PIANO//external/io_int -I/mnt/lustre01/pf/b/b380910/UNAL/WPS_4.1/../WRF_PIANO//inc -I/pf/b/b380910/libs/netcdf_all-intel/include
/bin/rm -f constants_module.o constants_module.mod
/lib/cpp -C -P -traditional -D_UNDERSCORE -DBYTESWAP -DLINUX -DIO_NETCDF -DIO_BINARY -DIO_GRIB1 -DBIT32 -D_MPI -D_UTIL -DUSE_JPEG2000 -DUSE_PNG -I/mnt/lustre01/pf/b/b380910/UNAL/WPS_4.1/../WRF_PIANO//external/io_netcdf -I/mnt/lustre01/pf/b/b380910/UNAL/WPS_4.1/../WRF_PIANO//external/io_grib_share -I/mnt/lustre01/pf/b/b380910/UNAL/WPS_4.1/../WRF_PIANO//external/io_grib1 -I/mnt/lustre01/pf/b/b380910/UNAL/WPS_4.1/../WRF_PIANO//external/io_int -I/mnt/lustre01/pf/b/b380910/UNAL/WPS_4.1/../WRF_PIANO//inc -I/pf/b/b380910/libs/netcdf_all-intel/include constants_module.F > constants_module.f90
mpif90 -f90=ifort -FR -convert big_endian -c constants_module.f90 -I/mnt/lustre01/pf/b/b380910/UNAL/WPS_4.1/../WRF_PIANO//external/io_netcdf -I/mnt/lustre01/pf/b/b380910/UNAL/WPS_4.1/../WRF_PIANO//external/io_grib_share -I/mnt/lustre01/pf/b/b380910/UNAL/WPS_4.1/../WRF_PIANO//external/io_grib1 -I/mnt/lustre01/pf/b/b380910/UNAL/WPS_4.1/../WRF_PIANO//external/io_int -I/mnt/lustre01/pf/b/b380910/UNAL/WPS_4.1/../WRF_PIANO//inc -I/pf/b/b380910/libs/netcdf_all-intel/include
/bin/rm -f misc_definitions_module.o misc_definitions_module.mod
/lib/cpp -C -P -traditional -D_UNDERSCORE -DBYTESWAP -DLINUX -DIO_NETCDF -DIO_BINARY -DIO_GRIB1 -DBIT32 -D_MPI -D_UTIL -DUSE_JPEG2000 -DUSE_PNG -I/mnt/lustre01/pf/b/b380910/UNAL/WPS_4.1/../WRF_PIANO//external/io_netcdf -I/mnt/lustre01/pf/b/b380910/UNAL/WPS_4.1/../WRF_PIANO//external/io_grib_share -I/mnt/lustre01/pf/b/b380910/UNAL/WPS_4.1/../WRF_PIANO//external/io_grib1 -I/mnt/lustre01/pf/b/b380910/UNAL/WPS_4.1/../WRF_PIANO//external/io_int -I/mnt/lustre01/pf/b/b380910/UNAL/WPS_4.1/../WRF_PIANO//inc -I/pf/b/b380910/libs/netcdf_all-intel/include misc_definitions_module.F > misc_definitions_module.f90
mpif90 -f90=ifort -FR -convert big_endian -c misc_definitions_module.f90 -I/mnt/lustre01/pf/b/b380910/UNAL/WPS_4.1/../WRF_PIANO//external/io_netcdf -I/mnt/lustre01/pf/b/b380910/UNAL/WPS_4.1/../WRF_PIANO//external/io_grib_share -I/mnt/lustre01/pf/b/b380910/UNAL/WPS_4.1/../WRF_PIANO//external/io_grib1 -I/mnt/lustre01/pf/b/b380910/UNAL/WPS_4.1/../WRF_PIANO//external/io_int -I/mnt/lustre01/pf/b/b380910/UNAL/WPS_4.1/../WRF_PIANO//inc -I/pf/b/b380910/libs/netcdf_all-intel/include
/bin/rm -f read_met_module.o read_met_module.mod
/lib/cpp -C -P -traditional -D_UNDERSCORE -DBYTESWAP -DLINUX -DIO_NETCDF -DIO_BINARY -DIO_GRIB1 -DBIT32 -D_MPI -D_UTIL -DUSE_JPEG2000 -DUSE_PNG -I/mnt/lustre01/pf/b/b380910/UNAL/WPS_4.1/../WRF_PIANO//external/io_netcdf -I/mnt/lustre01/pf/b/b380910/UNAL/WPS_4.1/../WRF_PIANO//external/io_grib_share -I/mnt/lustre01/pf/b/b380910/UNAL/WPS_4.1/../WRF_PIANO//external/io_grib1 -I/mnt/lustre01/pf/b/b380910/UNAL/WPS_4.1/../WRF_PIANO//external/io_int -I/mnt/lustre01/pf/b/b380910/UNAL/WPS_4.1/../WRF_PIANO//inc -I/pf/b/b380910/libs/netcdf_all-intel/include read_met_module.F > read_met_module.f90
mpif90 -f90=ifort -FR -convert big_endian -c read_met_module.f90 -I/mnt/lustre01/pf/b/b380910/UNAL/WPS_4.1/../WRF_PIANO//external/io_netcdf -I/mnt/lustre01/pf/b/b380910/UNAL/WPS_4.1/../WRF_PIANO//external/io_grib_share -I/mnt/lustre01/pf/b/b380910/UNAL/WPS_4.1/../WRF_PIANO//external/io_grib1 -I/mnt/lustre01/pf/b/b380910/UNAL/WPS_4.1/../WRF_PIANO//external/io_int -I/mnt/lustre01/pf/b/b380910/UNAL/WPS_4.1/../WRF_PIANO//inc -I/pf/b/b380910/libs/netcdf_all-intel/include
/bin/rm -f rd_intermediate.o rd_intermediate.mod
/lib/cpp -C -P -traditional -D_UNDERSCORE -DBYTESWAP -DLINUX -DIO_NETCDF -DIO_BINARY -DIO_GRIB1 -DBIT32 -D_MPI -D_UTIL -DUSE_JPEG2000 -DUSE_PNG -I/mnt/lustre01/pf/b/b380910/UNAL/WPS_4.1/../WRF_PIANO//external/io_netcdf -I/mnt/lustre01/pf/b/b380910/UNAL/WPS_4.1/../WRF_PIANO//external/io_grib_share -I/mnt/lustre01/pf/b/b380910/UNAL/WPS_4.1/../WRF_PIANO//external/io_grib1 -I/mnt/lustre01/pf/b/b380910/UNAL/WPS_4.1/../WRF_PIANO//external/io_int -I/mnt/lustre01/pf/b/b380910/UNAL/WPS_4.1/../WRF_PIANO//inc -I/pf/b/b380910/libs/netcdf_all-intel/include rd_intermediate.F > rd_intermediate.f90
mpif90 -f90=ifort -FR -convert big_endian -c rd_intermediate.f90 -I/mnt/lustre01/pf/b/b380910/UNAL/WPS_4.1/../WRF_PIANO//external/io_netcdf -I/mnt/lustre01/pf/b/b380910/UNAL/WPS_4.1/../WRF_PIANO//external/io_grib_share -I/mnt/lustre01/pf/b/b380910/UNAL/WPS_4.1/../WRF_PIANO//external/io_grib1 -I/mnt/lustre01/pf/b/b380910/UNAL/WPS_4.1/../WRF_PIANO//external/io_int -I/mnt/lustre01/pf/b/b380910/UNAL/WPS_4.1/../WRF_PIANO//inc -I/pf/b/b380910/libs/netcdf_all-intel/include
ifort -o rd_intermediate.exe  rd_intermediate.o read_met_module.o \
		module_debug.o misc_definitions_module.o cio.o met_data_module.o constants_module.o
make[1]: Leaving directory `/mnt/lustre01/pf/b/b380910/UNAL/WPS_4.1/util/src'
if [ -h rd_intermediate.exe ] ; then \
		/bin/rm -f rd_intermediate.exe ; \
	fi ; \
	if [ -h ../rd_intermediate.exe ] ; then \
		/bin/rm -f ../rd_intermediate.exe ; \
	fi ; \
	if [ -e src/rd_intermediate.exe ] ; then \
		ln -sf src/rd_intermediate.exe . ; \
	fi
( cd src ; \
        if [ "" = yes ] ; then \
          WRF_DIR2=../WRF_PIANO/ ; \
        else \
          WRF_DIR2=/mnt/lustre01/pf/b/b380910/UNAL/WPS_4.1/../WRF_PIANO/ ; \
        fi ; \
	make -i -r mod_levs.exe \
		WRF_DIR="$WRF_DIR2" \
		FC="mpif90 -f90=ifort" \
		CC="mpicc -cc=icc" \
		CPP="/lib/cpp -C -P -traditional" \
		FFLAGS="-FR -convert big_endian" \
		CFLAGS="-w" \
		LDFLAGS="" \
		CPPFLAGS="-D_UNDERSCORE -DBYTESWAP -DLINUX -DIO_NETCDF -DIO_BINARY -DIO_GRIB1 -DBIT32 -D_MPI -D_UTIL" )
make[1]: Entering directory `/mnt/lustre01/pf/b/b380910/UNAL/WPS_4.1/util/src'
/bin/rm -f write_met_module.o write_met_module.mod
/lib/cpp -C -P -traditional -D_UNDERSCORE -DBYTESWAP -DLINUX -DIO_NETCDF -DIO_BINARY -DIO_GRIB1 -DBIT32 -D_MPI -D_UTIL -DUSE_JPEG2000 -DUSE_PNG -I/mnt/lustre01/pf/b/b380910/UNAL/WPS_4.1/../WRF_PIANO//external/io_netcdf -I/mnt/lustre01/pf/b/b380910/UNAL/WPS_4.1/../WRF_PIANO//external/io_grib_share -I/mnt/lustre01/pf/b/b380910/UNAL/WPS_4.1/../WRF_PIANO//external/io_grib1 -I/mnt/lustre01/pf/b/b380910/UNAL/WPS_4.1/../WRF_PIANO//external/io_int -I/mnt/lustre01/pf/b/b380910/UNAL/WPS_4.1/../WRF_PIANO//inc -I/pf/b/b380910/libs/netcdf_all-intel/include write_met_module.F > write_met_module.f90
mpif90 -f90=ifort -FR -convert big_endian -c write_met_module.f90 -I/mnt/lustre01/pf/b/b380910/UNAL/WPS_4.1/../WRF_PIANO//external/io_netcdf -I/mnt/lustre01/pf/b/b380910/UNAL/WPS_4.1/../WRF_PIANO//external/io_grib_share -I/mnt/lustre01/pf/b/b380910/UNAL/WPS_4.1/../WRF_PIANO//external/io_grib1 -I/mnt/lustre01/pf/b/b380910/UNAL/WPS_4.1/../WRF_PIANO//external/io_int -I/mnt/lustre01/pf/b/b380910/UNAL/WPS_4.1/../WRF_PIANO//inc -I/pf/b/b380910/libs/netcdf_all-intel/include
/bin/rm -f mod_levs.o mod_levs.mod
/lib/cpp -C -P -traditional -D_UNDERSCORE -DBYTESWAP -DLINUX -DIO_NETCDF -DIO_BINARY -DIO_GRIB1 -DBIT32 -D_MPI -D_UTIL -DUSE_JPEG2000 -DUSE_PNG -I/mnt/lustre01/pf/b/b380910/UNAL/WPS_4.1/../WRF_PIANO//external/io_netcdf -I/mnt/lustre01/pf/b/b380910/UNAL/WPS_4.1/../WRF_PIANO//external/io_grib_share -I/mnt/lustre01/pf/b/b380910/UNAL/WPS_4.1/../WRF_PIANO//external/io_grib1 -I/mnt/lustre01/pf/b/b380910/UNAL/WPS_4.1/../WRF_PIANO//external/io_int -I/mnt/lustre01/pf/b/b380910/UNAL/WPS_4.1/../WRF_PIANO//inc -I/pf/b/b380910/libs/netcdf_all-intel/include mod_levs.F > mod_levs.f90
mpif90 -f90=ifort -FR -convert big_endian -c mod_levs.f90 -I/mnt/lustre01/pf/b/b380910/UNAL/WPS_4.1/../WRF_PIANO//external/io_netcdf -I/mnt/lustre01/pf/b/b380910/UNAL/WPS_4.1/../WRF_PIANO//external/io_grib_share -I/mnt/lustre01/pf/b/b380910/UNAL/WPS_4.1/../WRF_PIANO//external/io_grib1 -I/mnt/lustre01/pf/b/b380910/UNAL/WPS_4.1/../WRF_PIANO//external/io_int -I/mnt/lustre01/pf/b/b380910/UNAL/WPS_4.1/../WRF_PIANO//inc -I/pf/b/b380910/libs/netcdf_all-intel/include
ifort -o mod_levs.exe  mod_levs.o module_debug.o read_met_module.o \
		write_met_module.o misc_definitions_module.o cio.o met_data_module.o constants_module.o
make[1]: Leaving directory `/mnt/lustre01/pf/b/b380910/UNAL/WPS_4.1/util/src'
if [ -h mod_levs.exe ] ; then \
		/bin/rm -f mod_levs.exe ; \
	fi ; \
	if [ -h ../mod_levs.exe ] ; then \
		/bin/rm -f ../mod_levs.exe ; \
	fi ; \
	if [ -e src/mod_levs.exe ] ; then \
		ln -sf src/mod_levs.exe . ; \
	fi
( cd src ; \
        if [ "" = yes ] ; then \
          WRF_DIR2=../WRF_PIANO/ ; \
        else \
          WRF_DIR2=/mnt/lustre01/pf/b/b380910/UNAL/WPS_4.1/../WRF_PIANO/ ; \
        fi ; \
	make -i -r avg_tsfc.exe \
		WRF_DIR="$WRF_DIR2" \
		FC="mpif90 -f90=ifort" \
		CC="mpicc -cc=icc" \
		CPP="/lib/cpp -C -P -traditional" \
		FFLAGS="-FR -convert big_endian" \
		CFLAGS="-w" \
		LDFLAGS="" \
		CPPFLAGS="-D_UNDERSCORE -DBYTESWAP -DLINUX -DIO_NETCDF -DIO_BINARY -DIO_GRIB1 -DBIT32 -D_MPI -D_UTIL" )
make[1]: Entering directory `/mnt/lustre01/pf/b/b380910/UNAL/WPS_4.1/util/src'
/bin/rm -f gridinfo_module.o gridinfo_module.mod
/lib/cpp -C -P -traditional -D_UNDERSCORE -DBYTESWAP -DLINUX -DIO_NETCDF -DIO_BINARY -DIO_GRIB1 -DBIT32 -D_MPI -D_UTIL -DUSE_JPEG2000 -DUSE_PNG -I/mnt/lustre01/pf/b/b380910/UNAL/WPS_4.1/../WRF_PIANO//external/io_netcdf -I/mnt/lustre01/pf/b/b380910/UNAL/WPS_4.1/../WRF_PIANO//external/io_grib_share -I/mnt/lustre01/pf/b/b380910/UNAL/WPS_4.1/../WRF_PIANO//external/io_grib1 -I/mnt/lustre01/pf/b/b380910/UNAL/WPS_4.1/../WRF_PIANO//external/io_int -I/mnt/lustre01/pf/b/b380910/UNAL/WPS_4.1/../WRF_PIANO//inc -I/pf/b/b380910/libs/netcdf_all-intel/include gridinfo_module.F > gridinfo_module.f90
mpif90 -f90=ifort -FR -convert big_endian -c gridinfo_module.f90 -I/mnt/lustre01/pf/b/b380910/UNAL/WPS_4.1/../WRF_PIANO//external/io_netcdf -I/mnt/lustre01/pf/b/b380910/UNAL/WPS_4.1/../WRF_PIANO//external/io_grib_share -I/mnt/lustre01/pf/b/b380910/UNAL/WPS_4.1/../WRF_PIANO//external/io_grib1 -I/mnt/lustre01/pf/b/b380910/UNAL/WPS_4.1/../WRF_PIANO//external/io_int -I/mnt/lustre01/pf/b/b380910/UNAL/WPS_4.1/../WRF_PIANO//inc -I/pf/b/b380910/libs/netcdf_all-intel/include
/bin/rm -f module_date_pack.o module_date_pack.mod
/lib/cpp -C -P -traditional -D_UNDERSCORE -DBYTESWAP -DLINUX -DIO_NETCDF -DIO_BINARY -DIO_GRIB1 -DBIT32 -D_MPI -D_UTIL -DUSE_JPEG2000 -DUSE_PNG -I/mnt/lustre01/pf/b/b380910/UNAL/WPS_4.1/../WRF_PIANO//external/io_netcdf -I/mnt/lustre01/pf/b/b380910/UNAL/WPS_4.1/../WRF_PIANO//external/io_grib_share -I/mnt/lustre01/pf/b/b380910/UNAL/WPS_4.1/../WRF_PIANO//external/io_grib1 -I/mnt/lustre01/pf/b/b380910/UNAL/WPS_4.1/../WRF_PIANO//external/io_int -I/mnt/lustre01/pf/b/b380910/UNAL/WPS_4.1/../WRF_PIANO//inc -I/pf/b/b380910/libs/netcdf_all-intel/include module_date_pack.F > module_date_pack.f90
mpif90 -f90=ifort -FR -convert big_endian -c module_date_pack.f90 -I/mnt/lustre01/pf/b/b380910/UNAL/WPS_4.1/../WRF_PIANO//external/io_netcdf -I/mnt/lustre01/pf/b/b380910/UNAL/WPS_4.1/../WRF_PIANO//external/io_grib_share -I/mnt/lustre01/pf/b/b380910/UNAL/WPS_4.1/../WRF_PIANO//external/io_grib1 -I/mnt/lustre01/pf/b/b380910/UNAL/WPS_4.1/../WRF_PIANO//external/io_int -I/mnt/lustre01/pf/b/b380910/UNAL/WPS_4.1/../WRF_PIANO//inc -I/pf/b/b380910/libs/netcdf_all-intel/include
/bin/rm -f avg_tsfc.o avg_tsfc.mod
/lib/cpp -C -P -traditional -D_UNDERSCORE -DBYTESWAP -DLINUX -DIO_NETCDF -DIO_BINARY -DIO_GRIB1 -DBIT32 -D_MPI -D_UTIL -DUSE_JPEG2000 -DUSE_PNG -I/mnt/lustre01/pf/b/b380910/UNAL/WPS_4.1/../WRF_PIANO//external/io_netcdf -I/mnt/lustre01/pf/b/b380910/UNAL/WPS_4.1/../WRF_PIANO//external/io_grib_share -I/mnt/lustre01/pf/b/b380910/UNAL/WPS_4.1/../WRF_PIANO//external/io_grib1 -I/mnt/lustre01/pf/b/b380910/UNAL/WPS_4.1/../WRF_PIANO//external/io_int -I/mnt/lustre01/pf/b/b380910/UNAL/WPS_4.1/../WRF_PIANO//inc -I/pf/b/b380910/libs/netcdf_all-intel/include avg_tsfc.F > avg_tsfc.f90
mpif90 -f90=ifort -FR -convert big_endian -c avg_tsfc.f90 -I/mnt/lustre01/pf/b/b380910/UNAL/WPS_4.1/../WRF_PIANO//external/io_netcdf -I/mnt/lustre01/pf/b/b380910/UNAL/WPS_4.1/../WRF_PIANO//external/io_grib_share -I/mnt/lustre01/pf/b/b380910/UNAL/WPS_4.1/../WRF_PIANO//external/io_grib1 -I/mnt/lustre01/pf/b/b380910/UNAL/WPS_4.1/../WRF_PIANO//external/io_int -I/mnt/lustre01/pf/b/b380910/UNAL/WPS_4.1/../WRF_PIANO//inc -I/pf/b/b380910/libs/netcdf_all-intel/include
ifort  -o avg_tsfc.exe avg_tsfc.o cio.o module_debug.o gridinfo_module.o \
		read_met_module.o write_met_module.o module_date_pack.o \
		misc_definitions_module.o met_data_module.o constants_module.o
make[1]: Leaving directory `/mnt/lustre01/pf/b/b380910/UNAL/WPS_4.1/util/src'
if [ -h avg_tsfc.exe ] ; then \
		/bin/rm -f avg_tsfc.exe ; \
	fi ; \
	if [ -h ../avg_tsfc.exe ] ; then \
		/bin/rm -f ../avg_tsfc.exe ; \
	fi ; \
	if [ -e src/avg_tsfc.exe ] ; then \
		ln -sf src/avg_tsfc.exe . ; \
	fi
( cd src ; \
        if [ "" = yes ] ; then \
          WRF_DIR2=../WRF_PIANO/ ; \
        else \
          WRF_DIR2=/mnt/lustre01/pf/b/b380910/UNAL/WPS_4.1/../WRF_PIANO/ ; \
        fi ; \
	make -i -r calc_ecmwf_p.exe \
		WRF_DIR="$WRF_DIR2" \
		FC="mpif90 -f90=ifort" \
		CC="mpicc -cc=icc" \
		CPP="/lib/cpp -C -P -traditional" \
		FFLAGS="-FR -convert big_endian" \
		CFLAGS="-w" \
		LDFLAGS="" \
		CPPFLAGS="-D_UNDERSCORE -DBYTESWAP -DLINUX -DIO_NETCDF -DIO_BINARY -DIO_GRIB1 -DBIT32 -D_MPI -D_UTIL" )
make[1]: Entering directory `/mnt/lustre01/pf/b/b380910/UNAL/WPS_4.1/util/src'
/bin/rm -f module_stringutil.o module_stringutil.mod
/lib/cpp -C -P -traditional -D_UNDERSCORE -DBYTESWAP -DLINUX -DIO_NETCDF -DIO_BINARY -DIO_GRIB1 -DBIT32 -D_MPI -D_UTIL -DUSE_JPEG2000 -DUSE_PNG -I/mnt/lustre01/pf/b/b380910/UNAL/WPS_4.1/../WRF_PIANO//external/io_netcdf -I/mnt/lustre01/pf/b/b380910/UNAL/WPS_4.1/../WRF_PIANO//external/io_grib_share -I/mnt/lustre01/pf/b/b380910/UNAL/WPS_4.1/../WRF_PIANO//external/io_grib1 -I/mnt/lustre01/pf/b/b380910/UNAL/WPS_4.1/../WRF_PIANO//external/io_int -I/mnt/lustre01/pf/b/b380910/UNAL/WPS_4.1/../WRF_PIANO//inc -I/pf/b/b380910/libs/netcdf_all-intel/include module_stringutil.F > module_stringutil.f90
mpif90 -f90=ifort -FR -convert big_endian -c module_stringutil.f90 -I/mnt/lustre01/pf/b/b380910/UNAL/WPS_4.1/../WRF_PIANO//external/io_netcdf -I/mnt/lustre01/pf/b/b380910/UNAL/WPS_4.1/../WRF_PIANO//external/io_grib_share -I/mnt/lustre01/pf/b/b380910/UNAL/WPS_4.1/../WRF_PIANO//external/io_grib1 -I/mnt/lustre01/pf/b/b380910/UNAL/WPS_4.1/../WRF_PIANO//external/io_int -I/mnt/lustre01/pf/b/b380910/UNAL/WPS_4.1/../WRF_PIANO//inc -I/pf/b/b380910/libs/netcdf_all-intel/include
/bin/rm -f calc_ecmwf_p.o calc_ecmwf_p.mod
/lib/cpp -C -P -traditional -D_UNDERSCORE -DBYTESWAP -DLINUX -DIO_NETCDF -DIO_BINARY -DIO_GRIB1 -DBIT32 -D_MPI -D_UTIL -DUSE_JPEG2000 -DUSE_PNG -I/mnt/lustre01/pf/b/b380910/UNAL/WPS_4.1/../WRF_PIANO//external/io_netcdf -I/mnt/lustre01/pf/b/b380910/UNAL/WPS_4.1/../WRF_PIANO//external/io_grib_share -I/mnt/lustre01/pf/b/b380910/UNAL/WPS_4.1/../WRF_PIANO//external/io_grib1 -I/mnt/lustre01/pf/b/b380910/UNAL/WPS_4.1/../WRF_PIANO//external/io_int -I/mnt/lustre01/pf/b/b380910/UNAL/WPS_4.1/../WRF_PIANO//inc -I/pf/b/b380910/libs/netcdf_all-intel/include calc_ecmwf_p.F > calc_ecmwf_p.f90
mpif90 -f90=ifort -FR -convert big_endian -c calc_ecmwf_p.f90 -I/mnt/lustre01/pf/b/b380910/UNAL/WPS_4.1/../WRF_PIANO//external/io_netcdf -I/mnt/lustre01/pf/b/b380910/UNAL/WPS_4.1/../WRF_PIANO//external/io_grib_share -I/mnt/lustre01/pf/b/b380910/UNAL/WPS_4.1/../WRF_PIANO//external/io_grib1 -I/mnt/lustre01/pf/b/b380910/UNAL/WPS_4.1/../WRF_PIANO//external/io_int -I/mnt/lustre01/pf/b/b380910/UNAL/WPS_4.1/../WRF_PIANO//inc -I/pf/b/b380910/libs/netcdf_all-intel/include
calc_ecmwf_p.f90(55): remark #8290: Recommended relationship between field width 'W' and the number of fractional digits 'D' in this edit descriptor is 'W>=D+3'.
         write(6,'(i5,5x,f12.6,2x,f12.10)') nlvl, a(i), b(i)
-----------------------------------^
ifort  -o calc_ecmwf_p.exe calc_ecmwf_p.o cio.o module_debug.o module_stringutil.o gridinfo_module.o \
		read_met_module.o write_met_module.o module_date_pack.o \
		misc_definitions_module.o met_data_module.o constants_module.o
make[1]: Leaving directory `/mnt/lustre01/pf/b/b380910/UNAL/WPS_4.1/util/src'
if [ -h calc_ecmwf_p.exe ] ; then \
		/bin/rm -f calc_ecmwf_p.exe ; \
	fi ; \
	if [ -h ../calc_ecmwf_p.exe ] ; then \
		/bin/rm -f ../calc_ecmwf_p.exe ; \
	fi ; \
	if [ -e src/calc_ecmwf_p.exe ] ; then \
		ln -sf src/calc_ecmwf_p.exe . ; \
	fi
( cd src ; \
        if [ "" = yes ] ; then \
          WRF_DIR2=../WRF_PIANO/ ; \
        else \
          WRF_DIR2=/mnt/lustre01/pf/b/b380910/UNAL/WPS_4.1/../WRF_PIANO/ ; \
        fi ; \
	make -i -r height_ukmo.exe \
		WRF_DIR="$WRF_DIR2" \
		FC="mpif90 -f90=ifort" \
		CC="mpicc -cc=icc" \
		CPP="/lib/cpp -C -P -traditional" \
		FFLAGS="-FR -convert big_endian" \
		CFLAGS="-w" \
		LDFLAGS="" \
		CPPFLAGS="-D_UNDERSCORE -DBYTESWAP -DLINUX -DIO_NETCDF -DIO_BINARY -DIO_GRIB1 -DBIT32 -D_MPI -D_UTIL" )
make[1]: Entering directory `/mnt/lustre01/pf/b/b380910/UNAL/WPS_4.1/util/src'
/bin/rm -f height_ukmo.o height_ukmo.mod
/lib/cpp -C -P -traditional -D_UNDERSCORE -DBYTESWAP -DLINUX -DIO_NETCDF -DIO_BINARY -DIO_GRIB1 -DBIT32 -D_MPI -D_UTIL -DUSE_JPEG2000 -DUSE_PNG -I/mnt/lustre01/pf/b/b380910/UNAL/WPS_4.1/../WRF_PIANO//external/io_netcdf -I/mnt/lustre01/pf/b/b380910/UNAL/WPS_4.1/../WRF_PIANO//external/io_grib_share -I/mnt/lustre01/pf/b/b380910/UNAL/WPS_4.1/../WRF_PIANO//external/io_grib1 -I/mnt/lustre01/pf/b/b380910/UNAL/WPS_4.1/../WRF_PIANO//external/io_int -I/mnt/lustre01/pf/b/b380910/UNAL/WPS_4.1/../WRF_PIANO//inc -I/pf/b/b380910/libs/netcdf_all-intel/include height_ukmo.F > height_ukmo.f90
mpif90 -f90=ifort -FR -convert big_endian -c height_ukmo.f90 -I/mnt/lustre01/pf/b/b380910/UNAL/WPS_4.1/../WRF_PIANO//external/io_netcdf -I/mnt/lustre01/pf/b/b380910/UNAL/WPS_4.1/../WRF_PIANO//external/io_grib_share -I/mnt/lustre01/pf/b/b380910/UNAL/WPS_4.1/../WRF_PIANO//external/io_grib1 -I/mnt/lustre01/pf/b/b380910/UNAL/WPS_4.1/../WRF_PIANO//external/io_int -I/mnt/lustre01/pf/b/b380910/UNAL/WPS_4.1/../WRF_PIANO//inc -I/pf/b/b380910/libs/netcdf_all-intel/include
ifort  -o height_ukmo.exe height_ukmo.o cio.o module_debug.o gridinfo_module.o \
		read_met_module.o write_met_module.o module_date_pack.o \
		misc_definitions_module.o met_data_module.o constants_module.o
make[1]: Leaving directory `/mnt/lustre01/pf/b/b380910/UNAL/WPS_4.1/util/src'
if [ -h height_ukmo.exe ] ; then \
		/bin/rm -f height_ukmo.exe ; \
	fi ; \
	if [ -h ../height_ukmo.exe ] ; then \
		/bin/rm -f ../height_ukmo.exe ; \
	fi ; \
	if [ -e src/height_ukmo.exe ] ; then \
		ln -sf src/height_ukmo.exe . ; \
	fi
( cd src ; \
        if [ "" = yes ] ; then \
          WRF_DIR2=../WRF_PIANO/ ; \
        else \
          WRF_DIR2=/mnt/lustre01/pf/b/b380910/UNAL/WPS_4.1/../WRF_PIANO/ ; \
        fi ; \
	make -i -r int2nc.exe \
		WRF_DIR="$WRF_DIR2" \
		FC="mpif90 -f90=ifort" \
		CC="mpicc -cc=icc" \
		CPP="/lib/cpp -C -P -traditional" \
		FFLAGS="-FR -convert big_endian" \
		CFLAGS="-w" \
		LDFLAGS="" \
		CPPFLAGS="-D_UNDERSCORE -DBYTESWAP -DLINUX -DIO_NETCDF -DIO_BINARY -DIO_GRIB1 -DBIT32 -D_MPI -D_UTIL" )
make[1]: Entering directory `/mnt/lustre01/pf/b/b380910/UNAL/WPS_4.1/util/src'
/bin/rm -f int2nc.f90
/lib/cpp -C -P -traditional -D_UNDERSCORE -DBYTESWAP -DLINUX -DIO_NETCDF -DIO_BINARY -DIO_GRIB1 -DBIT32 -D_MPI -D_UTIL int2nc.F > int2nc.f90
ifort -FR -convert big_endian -I/mnt/lustre01/pf/b/b380910/UNAL/WPS_4.1/../WRF_PIANO//external/io_netcdf -I/mnt/lustre01/pf/b/b380910/UNAL/WPS_4.1/../WRF_PIANO//external/io_grib_share -I/mnt/lustre01/pf/b/b380910/UNAL/WPS_4.1/../WRF_PIANO//external/io_grib1 -I/mnt/lustre01/pf/b/b380910/UNAL/WPS_4.1/../WRF_PIANO//external/io_int -I/mnt/lustre01/pf/b/b380910/UNAL/WPS_4.1/../WRF_PIANO//inc -I/pf/b/b380910/libs/netcdf_all-intel/include -c int2nc.f90
ifort -o int2nc.exe  -I/mnt/lustre01/pf/b/b380910/UNAL/WPS_4.1/../WRF_PIANO//external/io_netcdf -I/mnt/lustre01/pf/b/b380910/UNAL/WPS_4.1/../WRF_PIANO//external/io_grib_share -I/mnt/lustre01/pf/b/b380910/UNAL/WPS_4.1/../WRF_PIANO//external/io_grib1 -I/mnt/lustre01/pf/b/b380910/UNAL/WPS_4.1/../WRF_PIANO//external/io_int -I/mnt/lustre01/pf/b/b380910/UNAL/WPS_4.1/../WRF_PIANO//inc -I/pf/b/b380910/libs/netcdf_all-intel/include int2nc.o module_debug.o misc_definitions_module.o read_met_module.o cio.o -L/mnt/lustre01/pf/b/b380910/UNAL/WPS_4.1/../WRF_PIANO//external/io_grib1 -lio_grib1 -L/mnt/lustre01/pf/b/b380910/UNAL/WPS_4.1/../WRF_PIANO//external/io_grib_share -lio_grib_share -L/mnt/lustre01/pf/b/b380910/UNAL/WPS_4.1/../WRF_PIANO//external/io_int -lwrfio_int -L/mnt/lustre01/pf/b/b380910/UNAL/WPS_4.1/../WRF_PIANO//external/io_netcdf -lwrfio_nf -L/pf/b/b380910/libs/netcdf_all-intel/lib -lnetcdff -lnetcdf 
make[1]: Leaving directory `/mnt/lustre01/pf/b/b380910/UNAL/WPS_4.1/util/src'
if [ -h int2nc.exe ] ; then \
		/bin/rm -f int2nc.exe ; \
	fi ; \
	if [ -h ../int2nc.exe ] ; then \
		/bin/rm -f ../int2nc.exe ; \
	fi ; \
	if [ -e src/int2nc.exe ] ; then \
		ln -sf src/int2nc.exe . ; \
	fi
